------------------------------------------------------------------------------------------------
| Timer Settings
| --------------
------------------------------------------------------------------------------------------------

  Enable Multi Corner Analysis               :  Yes
  Enable Pessimism Removal                   :  Yes
  Pessimism Removal Resolution               :  Nearest Common Node
  Enable Input Delay Default Clock           :  No
  Enable Preset / Clear Arcs                 :  No
  Disable Flight Delays                      :  No
  Ignore I/O Paths                           :  No
  Timing Early Launch at Borrowing Latches   :  No
  Borrow Time for Max Delay Exceptions       :  Yes
  Merge Timing Exceptions                    :  Yes
  Inter-SLR Compensation                     :  Conservative

  Corner  Analyze    Analyze    
  Name    Max Paths  Min Paths  
  ------  ---------  ---------  
  Slow    Yes        Yes        
  Fast    Yes        Yes        


------------------------------------------------------------------------------------------------
| Report Methodology
| ------------------
------------------------------------------------------------------------------------------------

No report available as report_methodology has not been run prior. Run report_methodology on the current design for the summary of methodology violations.



check_timing report

Table of Contents
-----------------
1. checking no_clock (0)
2. checking constant_clock (0)
3. checking pulse_width_clock (0)
4. checking unconstrained_internal_endpoints (0)
5. checking no_input_delay (33)
6. checking no_output_delay (16)
7. checking multiple_clock (0)
8. checking generated_clocks (0)
9. checking loops (0)
10. checking partial_input_delay (0)
11. checking partial_output_delay (0)
12. checking latch_loops (0)

1. checking no_clock (0)
------------------------
 There are 0 register/latch pins with no clock.


2. checking constant_clock (0)
------------------------------
 There are 0 register/latch pins with constant_clock.


3. checking pulse_width_clock (0)
---------------------------------
 There are 0 register/latch pins which need pulse_width check


4. checking unconstrained_internal_endpoints (0)
------------------------------------------------
 There are 0 pins that are not constrained for maximum delay.

 There are 0 pins that are not constrained for maximum delay due to constant clock.


5. checking no_input_delay (33)
-------------------------------
 There are 33 input ports with no input delay specified. (HIGH)

 There are 0 input ports with no input delay but user has a false path constraint.


6. checking no_output_delay (16)
--------------------------------
 There are 16 ports with no output delay specified. (HIGH)

 There are 0 ports with no output delay but user has a false path constraint

 There are 0 ports with no output delay but with a timing clock defined on it or propagating through it


7. checking multiple_clock (0)
------------------------------
 There are 0 register/latch pins with multiple clocks.


8. checking generated_clocks (0)
--------------------------------
 There are 0 generated clocks that are not connected to a clock source.


9. checking loops (0)
---------------------
 There are 0 combinational loops in the design.


10. checking partial_input_delay (0)
------------------------------------
 There are 0 input ports with partial input delay specified.


11. checking partial_output_delay (0)
-------------------------------------
 There are 0 ports with partial output delay specified.


12. checking latch_loops (0)
----------------------------
 There are 0 combinational latch loops in the design through latch input



------------------------------------------------------------------------------------------------
| Design Timing Summary
| ---------------------
------------------------------------------------------------------------------------------------

    WNS(ns)      TNS(ns)  TNS Failing Endpoints  TNS Total Endpoints      WHS(ns)      THS(ns)  THS Failing Endpoints  THS Total Endpoints     WPWS(ns)     TPWS(ns)  TPWS Failing Endpoints  TPWS Total Endpoints  
    -------      -------  ---------------------  -------------------      -------      -------  ---------------------  -------------------     --------     --------  ----------------------  --------------------  
     -0.473       -1.896                      6                   16        0.267        0.000                      0                   16        3.250        0.000                       0                    49  


Timing constraints are not met.


------------------------------------------------------------------------------------------------
| Clock Summary
| -------------
------------------------------------------------------------------------------------------------

Clock    Waveform(ns)         Period(ns)      Frequency(MHz)
-----    ------------         ----------      --------------
sys_clk  {0.000 3.750}        7.500           133.333         


------------------------------------------------------------------------------------------------
| Intra Clock Table
| -----------------
------------------------------------------------------------------------------------------------

Clock             WNS(ns)      TNS(ns)  TNS Failing Endpoints  TNS Total Endpoints      WHS(ns)      THS(ns)  THS Failing Endpoints  THS Total Endpoints     WPWS(ns)     TPWS(ns)  TPWS Failing Endpoints  TPWS Total Endpoints  
-----             -------      -------  ---------------------  -------------------      -------      -------  ---------------------  -------------------     --------     --------  ----------------------  --------------------  
sys_clk            -0.473       -1.896                      6                   16        0.267        0.000                      0                   16        3.250        0.000                       0                    49  


------------------------------------------------------------------------------------------------
| Inter Clock Table
| -----------------
------------------------------------------------------------------------------------------------

From Clock    To Clock          WNS(ns)      TNS(ns)  TNS Failing Endpoints  TNS Total Endpoints      WHS(ns)      THS(ns)  THS Failing Endpoints  THS Total Endpoints  
----------    --------          -------      -------  ---------------------  -------------------      -------      -------  ---------------------  -------------------  


------------------------------------------------------------------------------------------------
| Other Path Groups Table
| -----------------------
------------------------------------------------------------------------------------------------

Path Group    From Clock    To Clock          WNS(ns)      TNS(ns)  TNS Failing Endpoints  TNS Total Endpoints      WHS(ns)      THS(ns)  THS Failing Endpoints  THS Total Endpoints  
----------    ----------    --------          -------      -------  ---------------------  -------------------      -------      -------  ---------------------  -------------------  


------------------------------------------------------------------------------------------------
| Timing Details
| --------------
------------------------------------------------------------------------------------------------


---------------------------------------------------------------------------------------------------
From Clock:  sys_clk
  To Clock:  sys_clk

Setup :            6  Failing Endpoints,  Worst Slack       -0.473ns,  Total Violation       -1.896ns
Hold  :            0  Failing Endpoints,  Worst Slack        0.267ns,  Total Violation        0.000ns
PW    :            0  Failing Endpoints,  Worst Slack        3.250ns,  Total Violation        0.000ns
---------------------------------------------------------------------------------------------------


Max Delay Paths
--------------------------------------------------------------------------------------
Slack (VIOLATED) :        -0.473ns  (required time - arrival time)
  Source:                 a_reg_reg[3]/C
                            (rising edge-triggered cell FDCE clocked by sys_clk  {rise@0.000ns fall@3.750ns period=7.500ns})
  Destination:            result_reg[15]/D
                            (rising edge-triggered cell FDCE clocked by sys_clk  {rise@0.000ns fall@3.750ns period=7.500ns})
  Path Group:             sys_clk
  Path Type:              Setup (Max at Slow Process Corner)
  Requirement:            7.500ns  (sys_clk rise@7.500ns - sys_clk rise@0.000ns)
  Data Path Delay:        7.945ns  (logic 4.163ns (52.397%)  route 3.782ns (47.603%))
  Logic Levels:           12  (CARRY4=7 LUT2=1 LUT4=1 LUT6=3)
  Clock Path Skew:        -0.055ns (DCD - SCD + CPR)
    Destination Clock Delay (DCD):    4.448ns = ( 11.948 - 7.500 ) 
    Source Clock Delay      (SCD):    4.958ns
    Clock Pessimism Removal (CPR):    0.455ns
  Clock Uncertainty:      0.035ns  ((TSJ^2 + TIJ^2)^1/2 + DJ) / 2 + PE
    Total System Jitter     (TSJ):    0.071ns
    Total Input Jitter      (TIJ):    0.000ns
    Discrete Jitter          (DJ):    0.000ns
    Phase Error              (PE):    0.000ns

    Location             Delay type                Incr(ns)  Path(ns)    Netlist Resource(s)
  -------------------------------------------------------------------    -------------------
                         (clock sys_clk rise edge)    0.000     0.000 r  <hidden>
    U14                                               0.000     0.000 r  clk
                         net (fo=0)                   0.000     0.000    clk
    U14                  IBUF (Prop_ibuf_I_O)         1.046     1.046 r  clk_IBUF_inst/O
                         net (fo=1, routed)           2.076     3.122    clk_IBUF
    BUFGCTRL_X0Y0        BUFG (Prop_bufg_I_O)         0.101     3.223 r  clk_IBUF_BUFG_inst/O
                         net (fo=48, routed)          1.735     4.958    clk_IBUF_BUFG
    SLICE_X36Y27         FDCE                                         r  a_reg_reg[3]/C
  -------------------------------------------------------------------    -------------------
    SLICE_X36Y27         FDCE (Prop_fdce_C_Q)         0.456     5.414 r  a_reg_reg[3]/Q
                         net (fo=2, routed)           0.612     6.026    a_reg[3]
    SLICE_X38Y27         LUT2 (Prop_lut2_I0_O)        0.124     6.150 r  result[11]_i_27/O
                         net (fo=1, routed)           0.000     6.150    result[11]_i_27_n_0
    SLICE_X38Y27         CARRY4 (Prop_carry4_S[3]_CO[3])
                                                      0.376     6.526 r  result_reg[11]_i_17/CO[3]
                         net (fo=1, routed)           0.000     6.526    result_reg[11]_i_17_n_0
    SLICE_X38Y28         CARRY4 (Prop_carry4_CI_O[0])
                                                      0.219     6.745 r  result_reg[15]_i_18/O[0]
                         net (fo=19, routed)          0.901     7.646    result2[4]
    SLICE_X39Y25         LUT6 (Prop_lut6_I4_O)        0.295     7.941 r  result[7]_i_15/O
                         net (fo=2, routed)           0.415     8.356    result[7]_i_15_n_0
    SLICE_X39Y27         LUT6 (Prop_lut6_I0_O)        0.124     8.480 r  result[7]_i_19/O
                         net (fo=1, routed)           0.000     8.480    result[7]_i_19_n_0
    SLICE_X39Y27         CARRY4 (Prop_carry4_S[2]_CO[3])
                                                      0.398     8.878 r  result_reg[7]_i_8/CO[3]
                         net (fo=1, routed)           0.000     8.878    result_reg[7]_i_8_n_0
    SLICE_X39Y28         CARRY4 (Prop_carry4_CI_O[0])
                                                      0.222     9.100 r  result_reg[15]_i_23/O[0]
                         net (fo=5, routed)           0.340     9.440    result_reg[15]_i_23_n_7
    SLICE_X39Y29         LUT4 (Prop_lut4_I3_O)        0.299     9.739 r  result[11]_i_19/O
                         net (fo=2, routed)           0.485    10.224    result[11]_i_19_n_0
    SLICE_X42Y27         LUT6 (Prop_lut6_I4_O)        0.124    10.348 r  result[11]_i_8/O
                         net (fo=1, routed)           0.490    10.838    result[11]_i_8_n_0
    SLICE_X41Y27         CARRY4 (Prop_carry4_DI[2]_CO[3])
                                                      0.398    11.236 r  result_reg[11]_i_2/CO[3]
                         net (fo=1, routed)           0.000    11.236    result_reg[11]_i_2_n_0
    SLICE_X41Y28         CARRY4 (Prop_carry4_CI_O[1])
                                                      0.334    11.570 r  result_reg[15]_i_2/O[1]
                         net (fo=2, routed)           0.539    12.109    result1[12]
    SLICE_X40Y29         CARRY4 (Prop_carry4_DI[0]_O[3])
                                                      0.794    12.903 r  result_reg[15]_i_1/O[3]
                         net (fo=1, routed)           0.000    12.903    result00_out[15]
    SLICE_X40Y29         FDCE                                         r  result_reg[15]/D
  -------------------------------------------------------------------    -------------------

                         (clock sys_clk rise edge)    7.500     7.500 r  <hidden>
    U14                                               0.000     7.500 r  clk
                         net (fo=0)                   0.000     7.500    clk
    U14                  IBUF (Prop_ibuf_I_O)         0.912     8.412 r  clk_IBUF_inst/O
                         net (fo=1, routed)           1.880    10.292    clk_IBUF
    BUFGCTRL_X0Y0        BUFG (Prop_bufg_I_O)         0.091    10.383 r  clk_IBUF_BUFG_inst/O
                         net (fo=48, routed)          1.565    11.948    clk_IBUF_BUFG
    SLICE_X40Y29         FDCE                                         r  result_reg[15]/C
                         clock pessimism              0.455    12.403    <hidden>
                         clock uncertainty           -0.035    12.368    <hidden>
    SLICE_X40Y29         FDCE (Setup_fdce_C_D)        0.062    12.430    result_reg[15]
  -------------------------------------------------------------------
                         required time                         12.430    <hidden>
                         arrival time                         -12.903    <hidden>
  -------------------------------------------------------------------
                         slack                                 -0.473    <hidden>





Min Delay Paths
--------------------------------------------------------------------------------------
Slack (MET) :             0.267ns  (arrival time - required time)
  Source:                 d_reg_reg[2]/C
                            (rising edge-triggered cell FDCE clocked by sys_clk  {rise@0.000ns fall@3.750ns period=7.500ns})
  Destination:            result_reg[3]/D
                            (rising edge-triggered cell FDCE clocked by sys_clk  {rise@0.000ns fall@3.750ns period=7.500ns})
  Path Group:             sys_clk
  Path Type:              Hold (Min at Fast Process Corner)
  Requirement:            0.000ns  (sys_clk rise@0.000ns - sys_clk rise@0.000ns)
  Data Path Delay:        0.385ns  (logic 0.249ns (64.693%)  route 0.136ns (35.307%))
  Logic Levels:           2  (CARRY4=1 LUT5=1)
  Clock Path Skew:        0.013ns (DCD - SCD - CPR)
    Destination Clock Delay (DCD):    2.022ns
    Source Clock Delay      (SCD):    1.507ns
    Clock Pessimism Removal (CPR):    0.502ns

    Location             Delay type                Incr(ns)  Path(ns)    Netlist Resource(s)
  -------------------------------------------------------------------    -------------------
                         (clock sys_clk rise edge)    0.000     0.000 r  <hidden>
    U14                                               0.000     0.000 r  clk
                         net (fo=0)                   0.000     0.000    clk
    U14                  IBUF (Prop_ibuf_I_O)         0.274     0.274 r  clk_IBUF_inst/O
                         net (fo=1, routed)           0.627     0.901    clk_IBUF
    BUFGCTRL_X0Y0        BUFG (Prop_bufg_I_O)         0.026     0.927 r  clk_IBUF_BUFG_inst/O
                         net (fo=48, routed)          0.580     1.507    clk_IBUF_BUFG
    SLICE_X43Y26         FDCE                                         r  d_reg_reg[2]/C
  -------------------------------------------------------------------    -------------------
    SLICE_X43Y26         FDCE (Prop_fdce_C_Q)         0.141     1.648 r  d_reg_reg[2]/Q
                         net (fo=5, routed)           0.136     1.784    d_reg[2]
    SLICE_X40Y26         LUT5 (Prop_lut5_I4_O)        0.045     1.829 r  result[3]_i_3/O
                         net (fo=1, routed)           0.000     1.829    result[3]_i_3_n_0
    SLICE_X40Y26         CARRY4 (Prop_carry4_S[3]_O[3])
                                                      0.063     1.892 r  result_reg[3]_i_1/O[3]
                         net (fo=1, routed)           0.000     1.892    result00_out[3]
    SLICE_X40Y26         FDCE                                         r  result_reg[3]/D
  -------------------------------------------------------------------    -------------------

                         (clock sys_clk rise edge)    0.000     0.000 r  <hidden>
    U14                                               0.000     0.000 r  clk
                         net (fo=0)                   0.000     0.000    clk
    U14                  IBUF (Prop_ibuf_I_O)         0.464     0.464 r  clk_IBUF_inst/O
                         net (fo=1, routed)           0.683     1.147    clk_IBUF
    BUFGCTRL_X0Y0        BUFG (Prop_bufg_I_O)         0.029     1.176 r  clk_IBUF_BUFG_inst/O
                         net (fo=48, routed)          0.846     2.022    clk_IBUF_BUFG
    SLICE_X40Y26         FDCE                                         r  result_reg[3]/C
                         clock pessimism             -0.502     1.520    <hidden>
    SLICE_X40Y26         FDCE (Hold_fdce_C_D)         0.105     1.625    result_reg[3]
  -------------------------------------------------------------------
                         required time                         -1.625    <hidden>
                         arrival time                           1.892    <hidden>
  -------------------------------------------------------------------
                         slack                                  0.267    <hidden>





Pulse Width Checks
--------------------------------------------------------------------------------------
Clock Name:         sys_clk
Waveform(ns):       { 0.000 3.750 }
Period(ns):         7.500
Sources:            { clk }

Check Type        Corner  Lib Pin  Reference Pin  Required(ns)  Actual(ns)  Slack(ns)  Location       Pin
Min Period        n/a     BUFG/I   n/a            2.155         7.500       5.345      BUFGCTRL_X0Y0  clk_IBUF_BUFG_inst/I
Low Pulse Width   Slow    FDCE/C   n/a            0.500         3.750       3.250      SLICE_X36Y27   a_reg_reg[0]/C
High Pulse Width  Slow    FDCE/C   n/a            0.500         3.750       3.250      SLICE_X36Y27   a_reg_reg[0]/C



