------------------------------------------------------------------------------------------------
| Timer Settings
| --------------
------------------------------------------------------------------------------------------------

  Enable Multi Corner Analysis               :  Yes
  Enable Pessimism Removal                   :  Yes
  Pessimism Removal Resolution               :  Nearest Common Node
  Enable Input Delay Default Clock           :  No
  Enable Preset / Clear Arcs                 :  No
  Disable Flight Delays                      :  No
  Ignore I/O Paths                           :  No
  Timing Early Launch at Borrowing Latches   :  No
  Borrow Time for Max Delay Exceptions       :  Yes
  Merge Timing Exceptions                    :  Yes
  Inter-SLR Compensation                     :  Conservative

  Corner  Analyze    Analyze    
  Name    Max Paths  Min Paths  
  ------  ---------  ---------  
  Slow    Yes        Yes        
  Fast    Yes        Yes        


------------------------------------------------------------------------------------------------
| Report Methodology
| ------------------
------------------------------------------------------------------------------------------------

No report available as report_methodology has not been run prior. Run report_methodology on the current design for the summary of methodology violations.



check_timing report

Table of Contents
-----------------
1. checking no_clock (0)
2. checking constant_clock (0)
3. checking pulse_width_clock (0)
4. checking unconstrained_internal_endpoints (0)
5. checking no_input_delay (33)
6. checking no_output_delay (16)
7. checking multiple_clock (0)
8. checking generated_clocks (0)
9. checking loops (0)
10. checking partial_input_delay (0)
11. checking partial_output_delay (0)
12. checking latch_loops (0)

1. checking no_clock (0)
------------------------
 There are 0 register/latch pins with no clock.


2. checking constant_clock (0)
------------------------------
 There are 0 register/latch pins with constant_clock.


3. checking pulse_width_clock (0)
---------------------------------
 There are 0 register/latch pins which need pulse_width check


4. checking unconstrained_internal_endpoints (0)
------------------------------------------------
 There are 0 pins that are not constrained for maximum delay.

 There are 0 pins that are not constrained for maximum delay due to constant clock.


5. checking no_input_delay (33)
-------------------------------
 There are 33 input ports with no input delay specified. (HIGH)

 There are 0 input ports with no input delay but user has a false path constraint.


6. checking no_output_delay (16)
--------------------------------
 There are 16 ports with no output delay specified. (HIGH)

 There are 0 ports with no output delay but user has a false path constraint

 There are 0 ports with no output delay but with a timing clock defined on it or propagating through it


7. checking multiple_clock (0)
------------------------------
 There are 0 register/latch pins with multiple clocks.


8. checking generated_clocks (0)
--------------------------------
 There are 0 generated clocks that are not connected to a clock source.


9. checking loops (0)
---------------------
 There are 0 combinational loops in the design.


10. checking partial_input_delay (0)
------------------------------------
 There are 0 input ports with partial input delay specified.


11. checking partial_output_delay (0)
-------------------------------------
 There are 0 ports with partial output delay specified.


12. checking latch_loops (0)
----------------------------
 There are 0 combinational latch loops in the design through latch input



------------------------------------------------------------------------------------------------
| Design Timing Summary
| ---------------------
------------------------------------------------------------------------------------------------

    WNS(ns)      TNS(ns)  TNS Failing Endpoints  TNS Total Endpoints      WHS(ns)      THS(ns)  THS Failing Endpoints  THS Total Endpoints     WPWS(ns)     TPWS(ns)  TPWS Failing Endpoints  TPWS Total Endpoints  
    -------      -------  ---------------------  -------------------      -------      -------  ---------------------  -------------------     --------     --------  ----------------------  --------------------  
      0.500        0.000                      0                   40        0.183        0.000                      0                   40        3.250        0.000                       0                    73  


All user specified timing constraints are met.


------------------------------------------------------------------------------------------------
| Clock Summary
| -------------
------------------------------------------------------------------------------------------------

Clock    Waveform(ns)         Period(ns)      Frequency(MHz)
-----    ------------         ----------      --------------
sys_clk  {0.000 3.750}        7.500           133.333         


------------------------------------------------------------------------------------------------
| Intra Clock Table
| -----------------
------------------------------------------------------------------------------------------------

Clock             WNS(ns)      TNS(ns)  TNS Failing Endpoints  TNS Total Endpoints      WHS(ns)      THS(ns)  THS Failing Endpoints  THS Total Endpoints     WPWS(ns)     TPWS(ns)  TPWS Failing Endpoints  TPWS Total Endpoints  
-----             -------      -------  ---------------------  -------------------      -------      -------  ---------------------  -------------------     --------     --------  ----------------------  --------------------  
sys_clk             0.500        0.000                      0                   40        0.183        0.000                      0                   40        3.250        0.000                       0                    73  


------------------------------------------------------------------------------------------------
| Inter Clock Table
| -----------------
------------------------------------------------------------------------------------------------

From Clock    To Clock          WNS(ns)      TNS(ns)  TNS Failing Endpoints  TNS Total Endpoints      WHS(ns)      THS(ns)  THS Failing Endpoints  THS Total Endpoints  
----------    --------          -------      -------  ---------------------  -------------------      -------      -------  ---------------------  -------------------  


------------------------------------------------------------------------------------------------
| Other Path Groups Table
| -----------------------
------------------------------------------------------------------------------------------------

Path Group    From Clock    To Clock          WNS(ns)      TNS(ns)  TNS Failing Endpoints  TNS Total Endpoints      WHS(ns)      THS(ns)  THS Failing Endpoints  THS Total Endpoints  
----------    ----------    --------          -------      -------  ---------------------  -------------------      -------      -------  ---------------------  -------------------  


------------------------------------------------------------------------------------------------
| Timing Details
| --------------
------------------------------------------------------------------------------------------------


---------------------------------------------------------------------------------------------------
From Clock:  sys_clk
  To Clock:  sys_clk

Setup :            0  Failing Endpoints,  Worst Slack        0.500ns,  Total Violation        0.000ns
Hold  :            0  Failing Endpoints,  Worst Slack        0.183ns,  Total Violation        0.000ns
PW    :            0  Failing Endpoints,  Worst Slack        3.250ns,  Total Violation        0.000ns
---------------------------------------------------------------------------------------------------


Max Delay Paths
--------------------------------------------------------------------------------------
Slack (MET) :             0.500ns  (required time - arrival time)
  Source:                 a_reg_reg[0]/C
                            (rising edge-triggered cell FDCE clocked by sys_clk  {rise@0.000ns fall@3.750ns period=7.500ns})
  Destination:            stage1_reg[15]/D
                            (rising edge-triggered cell FDCE clocked by sys_clk  {rise@0.000ns fall@3.750ns period=7.500ns})
  Path Group:             sys_clk
  Path Type:              Setup (Max at Slow Process Corner)
  Requirement:            7.500ns  (sys_clk rise@7.500ns - sys_clk rise@0.000ns)
  Data Path Delay:        6.971ns  (logic 3.482ns (49.952%)  route 3.489ns (50.048%))
  Logic Levels:           10  (CARRY4=6 LUT2=1 LUT4=1 LUT6=2)
  Clock Path Skew:        -0.056ns (DCD - SCD + CPR)
    Destination Clock Delay (DCD):    4.446ns = ( 11.946 - 7.500 ) 
    Source Clock Delay      (SCD):    4.957ns
    Clock Pessimism Removal (CPR):    0.455ns
  Clock Uncertainty:      0.035ns  ((TSJ^2 + TIJ^2)^1/2 + DJ) / 2 + PE
    Total System Jitter     (TSJ):    0.071ns
    Total Input Jitter      (TIJ):    0.000ns
    Discrete Jitter          (DJ):    0.000ns
    Phase Error              (PE):    0.000ns

    Location             Delay type                Incr(ns)  Path(ns)    Netlist Resource(s)
  -------------------------------------------------------------------    -------------------
                         (clock sys_clk rise edge)    0.000     0.000 r  <hidden>
    U14                                               0.000     0.000 r  clk
                         net (fo=0)                   0.000     0.000    clk
    U14                  IBUF (Prop_ibuf_I_O)         1.046     1.046 r  clk_IBUF_inst/O
                         net (fo=1, routed)           2.076     3.122    clk_IBUF
    BUFGCTRL_X0Y0        BUFG (Prop_bufg_I_O)         0.101     3.223 r  clk_IBUF_BUFG_inst/O
                         net (fo=72, routed)          1.734     4.957    clk_IBUF_BUFG
    SLICE_X41Y24         FDCE                                         r  a_reg_reg[0]/C
  -------------------------------------------------------------------    -------------------
    SLICE_X41Y24         FDCE (Prop_fdce_C_Q)         0.456     5.413 r  a_reg_reg[0]/Q
                         net (fo=2, routed)           0.613     6.026    a_reg[0]
    SLICE_X41Y25         LUT2 (Prop_lut2_I0_O)        0.124     6.150 r  stage1[10]_i_25/O
                         net (fo=1, routed)           0.000     6.150    stage1[10]_i_25_n_0
    SLICE_X41Y25         CARRY4 (Prop_carry4_S[0]_O[3])
                                                      0.606     6.756 r  stage1_reg[10]_i_12/O[3]
                         net (fo=21, routed)          0.830     7.586    stage11[3]
    SLICE_X41Y28         LUT6 (Prop_lut6_I1_O)        0.306     7.892 r  stage1[10]_i_26/O
                         net (fo=1, routed)           0.463     8.355    stage1[10]_i_26_n_0
    SLICE_X43Y28         CARRY4 (Prop_carry4_DI[3]_CO[3])
                                                      0.385     8.740 r  stage1_reg[10]_i_13/CO[3]
                         net (fo=1, routed)           0.000     8.740    stage1_reg[10]_i_13_n_0
    SLICE_X43Y29         CARRY4 (Prop_carry4_CI_O[1])
                                                      0.334     9.074 r  stage1_reg[14]_i_13/O[1]
                         net (fo=5, routed)           0.779     9.853    stage1_reg[14]_i_13_n_6
    SLICE_X36Y27         LUT4 (Prop_lut4_I2_O)        0.303    10.156 r  stage1[10]_i_14/O
                         net (fo=2, routed)           0.425    10.581    stage1[10]_i_14_n_0
    SLICE_X36Y26         LUT6 (Prop_lut6_I3_O)        0.124    10.705 r  stage1[10]_i_4/O
                         net (fo=1, routed)           0.379    11.084    stage1[10]_i_4_n_0
    SLICE_X37Y26         CARRY4 (Prop_carry4_DI[1]_CO[3])
                                                      0.507    11.591 r  stage1_reg[10]_i_1/CO[3]
                         net (fo=1, routed)           0.000    11.591    stage1_reg[10]_i_1_n_0
    SLICE_X37Y27         CARRY4 (Prop_carry4_CI_CO[3])
                                                      0.114    11.705 r  stage1_reg[14]_i_1/CO[3]
                         net (fo=1, routed)           0.000    11.705    stage1_reg[14]_i_1_n_0
    SLICE_X37Y28         CARRY4 (Prop_carry4_CI_O[0])
                                                      0.223    11.928 r  stage1_reg[15]_i_1/O[0]
                         net (fo=1, routed)           0.000    11.928    stage10[15]
    SLICE_X37Y28         FDCE                                         r  stage1_reg[15]/D
  -------------------------------------------------------------------    -------------------

                         (clock sys_clk rise edge)    7.500     7.500 r  <hidden>
    U14                                               0.000     7.500 r  clk
                         net (fo=0)                   0.000     7.500    clk
    U14                  IBUF (Prop_ibuf_I_O)         0.912     8.412 r  clk_IBUF_inst/O
                         net (fo=1, routed)           1.880    10.292    clk_IBUF
    BUFGCTRL_X0Y0        BUFG (Prop_bufg_I_O)         0.091    10.383 r  clk_IBUF_BUFG_inst/O
                         net (fo=72, routed)          1.563    11.946    clk_IBUF_BUFG
    SLICE_X37Y28         FDCE                                         r  stage1_reg[15]/C
                         clock pessimism              0.455    12.401    <hidden>
                         clock uncertainty           -0.035    12.366    <hidden>
    SLICE_X37Y28         FDCE (Setup_fdce_C_D)        0.062    12.428    stage1_reg[15]
  -------------------------------------------------------------------
                         required time                         12.428    <hidden>
                         arrival time                         -11.928    <hidden>
  -------------------------------------------------------------------
                         slack                                  0.500    <hidden>





Min Delay Paths
--------------------------------------------------------------------------------------
Slack (MET) :             0.183ns  (arrival time - required time)
  Source:                 d_stage_reg[7]/C
                            (rising edge-triggered cell FDCE clocked by sys_clk  {rise@0.000ns fall@3.750ns period=7.500ns})
  Destination:            result_reg[7]/D
                            (rising edge-triggered cell FDCE clocked by sys_clk  {rise@0.000ns fall@3.750ns period=7.500ns})
  Path Group:             sys_clk
  Path Type:              Hold (Min at Fast Process Corner)
  Requirement:            0.000ns  (sys_clk rise@0.000ns - sys_clk rise@0.000ns)
  Data Path Delay:        0.330ns  (logic 0.250ns (75.734%)  route 0.080ns (24.266%))
  Logic Levels:           2  (CARRY4=1 LUT2=1)
  Clock Path Skew:        0.013ns (DCD - SCD - CPR)
    Destination Clock Delay (DCD):    2.022ns
    Source Clock Delay      (SCD):    1.507ns
    Clock Pessimism Removal (CPR):    0.502ns

    Location             Delay type                Incr(ns)  Path(ns)    Netlist Resource(s)
  -------------------------------------------------------------------    -------------------
                         (clock sys_clk rise edge)    0.000     0.000 r  <hidden>
    U14                                               0.000     0.000 r  clk
                         net (fo=0)                   0.000     0.000    clk
    U14                  IBUF (Prop_ibuf_I_O)         0.274     0.274 r  clk_IBUF_inst/O
                         net (fo=1, routed)           0.627     0.901    clk_IBUF
    BUFGCTRL_X0Y0        BUFG (Prop_bufg_I_O)         0.026     0.927 r  clk_IBUF_BUFG_inst/O
                         net (fo=72, routed)          0.580     1.507    clk_IBUF_BUFG
    SLICE_X39Y27         FDCE                                         r  d_stage_reg[7]/C
  -------------------------------------------------------------------    -------------------
    SLICE_X39Y27         FDCE (Prop_fdce_C_Q)         0.141     1.648 r  d_stage_reg[7]/Q
                         net (fo=1, routed)           0.080     1.728    d_stage[7]
    SLICE_X38Y27         LUT2 (Prop_lut2_I1_O)        0.045     1.773 r  result[7]_i_2/O
                         net (fo=1, routed)           0.000     1.773    result[7]_i_2_n_0
    SLICE_X38Y27         CARRY4 (Prop_carry4_S[3]_O[3])
                                                      0.064     1.837 r  result_reg[7]_i_1/O[3]
                         net (fo=1, routed)           0.000     1.837    result0[7]
    SLICE_X38Y27         FDCE                                         r  result_reg[7]/D
  -------------------------------------------------------------------    -------------------

                         (clock sys_clk rise edge)    0.000     0.000 r  <hidden>
    U14                                               0.000     0.000 r  clk
                         net (fo=0)                   0.000     0.000    clk
    U14                  IBUF (Prop_ibuf_I_O)         0.464     0.464 r  clk_IBUF_inst/O
                         net (fo=1, routed)           0.683     1.147    clk_IBUF
    BUFGCTRL_X0Y0        BUFG (Prop_bufg_I_O)         0.029     1.176 r  clk_IBUF_BUFG_inst/O
                         net (fo=72, routed)          0.846     2.022    clk_IBUF_BUFG
    SLICE_X38Y27         FDCE                                         r  result_reg[7]/C
                         clock pessimism             -0.502     1.520    <hidden>
    SLICE_X38Y27         FDCE (Hold_fdce_C_D)         0.134     1.654    result_reg[7]
  -------------------------------------------------------------------
                         required time                         -1.654    <hidden>
                         arrival time                           1.837    <hidden>
  -------------------------------------------------------------------
                         slack                                  0.183    <hidden>





Pulse Width Checks
--------------------------------------------------------------------------------------
Clock Name:         sys_clk
Waveform(ns):       { 0.000 3.750 }
Period(ns):         7.500
Sources:            { clk }

Check Type        Corner  Lib Pin  Reference Pin  Required(ns)  Actual(ns)  Slack(ns)  Location       Pin
Min Period        n/a     BUFG/I   n/a            2.155         7.500       5.345      BUFGCTRL_X0Y0  clk_IBUF_BUFG_inst/I
Low Pulse Width   Slow    FDCE/C   n/a            0.500         3.750       3.250      SLICE_X41Y24   a_reg_reg[0]/C
High Pulse Width  Slow    FDCE/C   n/a            0.500         3.750       3.250      SLICE_X41Y24   a_reg_reg[0]/C



