Copyright 1986-2022 Xilinx, Inc. All Rights Reserved. Copyright 2022-2026 Advanced Micro Devices, Inc. All Rights Reserved.
---------------------------------------------------------------------------------------------------------------------------------------------
| Tool Version : Vivado v.2026.1 (lin64) Build 6511674 Tue Jun 16 11:01:26 MDT 2026
| Date         : Tue Oct  6 19:57:55 2026
| Host         : ars-nitro running 64-bit Ubuntu 24.04.5 LTS
| Command      : report_timing_summary -file ./timing_summary.rpt
| Design       : design_1_wrapper
| Device       : 7z010-clg400
| Speed File   : -1  PRODUCTION 1.12 2019-11-22
| Design State : Routed
---------------------------------------------------------------------------------------------------------------------------------------------

Timing Summary Report

------------------------------------------------------------------------------------------------
| Timer Settings
| --------------
------------------------------------------------------------------------------------------------

  Enable Multi Corner Analysis               :  Yes
  Enable Pessimism Removal                   :  Yes
  Pessimism Removal Resolution               :  Nearest Common Node
  Enable Input Delay Default Clock           :  No
  Enable Preset / Clear Arcs                 :  No
  Disable Flight Delays                      :  No
  Ignore I/O Paths                           :  No
  Timing Early Launch at Borrowing Latches   :  No
  Borrow Time for Max Delay Exceptions       :  Yes
  Merge Timing Exceptions                    :  Yes
  Inter-SLR Compensation                     :  Conservative

  Corner  Analyze    Analyze    
  Name    Max Paths  Min Paths  
  ------  ---------  ---------  
  Slow    Yes        Yes        
  Fast    Yes        Yes        


------------------------------------------------------------------------------------------------
| Report Methodology
| ------------------
------------------------------------------------------------------------------------------------

Rule       Severity  Description                                             Violations  
---------  --------  ------------------------------------------------------  ----------  
LUTAR-1    Warning   LUT drives async reset alert                            1           
PDRC-190   Warning   Suboptimally placed synchronized register chain         1           
TIMING-9   Warning   Unknown CDC Logic                                       1           
TIMING-18  Warning   Missing input or output delay                           10          
ULMTCS-1   Warning   Control Sets use limits recommend reduction             1           
XDCC-1     Warning   Scoped Clock constraint overwritten with the same name  1           
XDCC-7     Warning   Scoped Clock constraint overwritten on the same source  1           

Note: This report is based on the most recent report_methodology run and may not be up-to-date. Run report_methodology on the current design for the latest report.



check_timing report

Table of Contents
-----------------
1. checking no_clock (0)
2. checking constant_clock (0)
3. checking pulse_width_clock (0)
4. checking unconstrained_internal_endpoints (0)
5. checking no_input_delay (2)
6. checking no_output_delay (2)
7. checking multiple_clock (0)
8. checking generated_clocks (0)
9. checking loops (0)
10. checking partial_input_delay (0)
11. checking partial_output_delay (0)
12. checking latch_loops (0)

1. checking no_clock (0)
------------------------
 There are 0 register/latch pins with no clock.


2. checking constant_clock (0)
------------------------------
 There are 0 register/latch pins with constant_clock.


3. checking pulse_width_clock (0)
---------------------------------
 There are 0 register/latch pins which need pulse_width check


4. checking unconstrained_internal_endpoints (0)
------------------------------------------------
 There are 0 pins that are not constrained for maximum delay.

 There are 0 pins that are not constrained for maximum delay due to constant clock.


5. checking no_input_delay (2)
------------------------------
 There are 0 input ports with no input delay specified.

 There are 2 input ports with no input delay but user has a false path constraint. (MEDIUM)


6. checking no_output_delay (2)
-------------------------------
 There are 2 ports with no output delay specified. (HIGH)

 There are 0 ports with no output delay but user has a false path constraint

 There are 0 ports with no output delay but with a timing clock defined on it or propagating through it


7. checking multiple_clock (0)
------------------------------
 There are 0 register/latch pins with multiple clocks.


8. checking generated_clocks (0)
--------------------------------
 There are 0 generated clocks that are not connected to a clock source.


9. checking loops (0)
---------------------
 There are 0 combinational loops in the design.


10. checking partial_input_delay (0)
------------------------------------
 There are 0 input ports with partial input delay specified.


11. checking partial_output_delay (0)
-------------------------------------
 There are 0 ports with partial output delay specified.


12. checking latch_loops (0)
----------------------------
 There are 0 combinational latch loops in the design through latch input



------------------------------------------------------------------------------------------------
| Design Timing Summary
| ---------------------
------------------------------------------------------------------------------------------------

    WNS(ns)      TNS(ns)  TNS Failing Endpoints  TNS Total Endpoints      WHS(ns)      THS(ns)  THS Failing Endpoints  THS Total Endpoints     WPWS(ns)     TPWS(ns)  TPWS Failing Endpoints  TPWS Total Endpoints  
    -------      -------  ---------------------  -------------------      -------      -------  ---------------------  -------------------     --------     --------  ----------------------  --------------------  
      1.580        0.000                      0                26965        0.015        0.000                      0                26965        3.750        0.000                       0                  8910  


All user specified timing constraints are met.


------------------------------------------------------------------------------------------------
| Clock Summary
| -------------
------------------------------------------------------------------------------------------------

Clock                                                       Waveform(ns)       Period(ns)      Frequency(MHz)
-----                                                       ------------       ----------      --------------
clk_50m                                                     {0.000 10.000}     20.000          50.000          
  clk_out1_design_1_clk_wiz_0_0                             {0.000 5.000}      10.000          100.000         
  clkfbout_design_1_clk_wiz_0_0                             {0.000 10.000}     20.000          50.000          
design_1_i/mdm_1/U0/Use_E2.BSCAN_I/Use_E2.BSCANE2_I/DRCK    {0.000 16.666}     33.333          30.000          
design_1_i/mdm_1/U0/Use_E2.BSCAN_I/Use_E2.BSCANE2_I/UPDATE  {0.000 16.666}     33.333          30.000          
pix_clk                                                     {0.000 12.500}     25.000          40.000          


------------------------------------------------------------------------------------------------
| Intra Clock Table
| -----------------
------------------------------------------------------------------------------------------------

Clock                                                           WNS(ns)      TNS(ns)  TNS Failing Endpoints  TNS Total Endpoints      WHS(ns)      THS(ns)  THS Failing Endpoints  THS Total Endpoints     WPWS(ns)     TPWS(ns)  TPWS Failing Endpoints  TPWS Total Endpoints  
-----                                                           -------      -------  ---------------------  -------------------      -------      -------  ---------------------  -------------------     --------     --------  ----------------------  --------------------  
clk_50m                                                                                                                                                                                                       7.000        0.000                       0                     1  
  clk_out1_design_1_clk_wiz_0_0                                   1.580        0.000                      0                26106        0.015        0.000                      0                26106        3.750        0.000                       0                  8470  
  clkfbout_design_1_clk_wiz_0_0                                                                                                                                                                              17.845        0.000                       0                     3  
design_1_i/mdm_1/U0/Use_E2.BSCAN_I/Use_E2.BSCANE2_I/DRCK         12.580        0.000                      0                  222        0.134        0.000                      0                  222       15.686        0.000                       0                   234  
design_1_i/mdm_1/U0/Use_E2.BSCAN_I/Use_E2.BSCANE2_I/UPDATE       11.473        0.000                      0                   46        0.252        0.000                      0                   46       16.166        0.000                       0                    40  
pix_clk                                                          10.501        0.000                      0                  452        0.114        0.000                      0                  452       11.250        0.000                       0                   162  


------------------------------------------------------------------------------------------------
| Inter Clock Table
| -----------------
------------------------------------------------------------------------------------------------

From Clock    To Clock          WNS(ns)      TNS(ns)  TNS Failing Endpoints  TNS Total Endpoints      WHS(ns)      THS(ns)  THS Failing Endpoints  THS Total Endpoints  
----------    --------          -------      -------  ---------------------  -------------------      -------      -------  ---------------------  -------------------  


------------------------------------------------------------------------------------------------
| Other Path Groups Table
| -----------------------
------------------------------------------------------------------------------------------------

Path Group                     From Clock                     To Clock                           WNS(ns)      TNS(ns)  TNS Failing Endpoints  TNS Total Endpoints      WHS(ns)      THS(ns)  THS Failing Endpoints  THS Total Endpoints  
----------                     ----------                     --------                           -------      -------  ---------------------  -------------------      -------      -------  ---------------------  -------------------  
**async_default**              clk_out1_design_1_clk_wiz_0_0  clk_out1_design_1_clk_wiz_0_0        3.770        0.000                      0                   38        1.774        0.000                      0                   38  
**async_default**              pix_clk                        pix_clk                             20.573        0.000                      0                  101        0.757        0.000                      0                  101  


------------------------------------------------------------------------------------------------
| Timing Details
| --------------
------------------------------------------------------------------------------------------------


---------------------------------------------------------------------------------------------------
From Clock:  clk_50m
  To Clock:  clk_50m

Setup :           NA  Failing Endpoints,  Worst Slack           NA  ,  Total Violation           NA
Hold  :           NA  Failing Endpoints,  Worst Slack           NA  ,  Total Violation           NA
PW    :            0  Failing Endpoints,  Worst Slack        7.000ns,  Total Violation        0.000ns
---------------------------------------------------------------------------------------------------


Pulse Width Checks
--------------------------------------------------------------------------------------
Clock Name:         clk_50m
Waveform(ns):       { 0.000 10.000 }
Period(ns):         20.000
Sources:            { clk_50m }

Check Type        Corner  Lib Pin            Reference Pin  Required(ns)  Actual(ns)  Slack(ns)  Location         Pin
Min Period        n/a     MMCME2_ADV/CLKIN1  n/a            1.249         20.000      18.751     MMCME2_ADV_X0Y0  design_1_i/clk_wiz_0/inst/mmcm_adv_inst/CLKIN1
Max Period        n/a     MMCME2_ADV/CLKIN1  n/a            100.000       20.000      80.000     MMCME2_ADV_X0Y0  design_1_i/clk_wiz_0/inst/mmcm_adv_inst/CLKIN1
Low Pulse Width   Slow    MMCME2_ADV/CLKIN1  n/a            3.000         10.000      7.000      MMCME2_ADV_X0Y0  design_1_i/clk_wiz_0/inst/mmcm_adv_inst/CLKIN1
High Pulse Width  Slow    MMCME2_ADV/CLKIN1  n/a            3.000         10.000      7.000      MMCME2_ADV_X0Y0  design_1_i/clk_wiz_0/inst/mmcm_adv_inst/CLKIN1



---------------------------------------------------------------------------------------------------
From Clock:  clk_out1_design_1_clk_wiz_0_0
  To Clock:  clk_out1_design_1_clk_wiz_0_0

Setup :            0  Failing Endpoints,  Worst Slack        1.580ns,  Total Violation        0.000ns
Hold  :            0  Failing Endpoints,  Worst Slack        0.015ns,  Total Violation        0.000ns
PW    :            0  Failing Endpoints,  Worst Slack        3.750ns,  Total Violation        0.000ns
---------------------------------------------------------------------------------------------------


Max Delay Paths
--------------------------------------------------------------------------------------
Slack (MET) :             1.580ns  (required time - arrival time)
  Source:                 design_1_i/microblaze_0/U0/<hidden>/<hidden>/<hidden>
                            (rising edge-triggered cell FDRE clocked by clk_out1_design_1_clk_wiz_0_0  {rise@0.000ns fall@5.000ns period=10.000ns})
  Destination:            design_1_i/microblaze_0/U0/<hidden>/<hidden>/<hidden>/<hidden>/<hidden>/<hidden>
                            (rising edge-triggered cell FDRE clocked by clk_out1_design_1_clk_wiz_0_0  {rise@0.000ns fall@5.000ns period=10.000ns})
  Path Group:             clk_out1_design_1_clk_wiz_0_0
  Path Type:              Setup (Max at Slow Process Corner)
  Requirement:            10.000ns  (clk_out1_design_1_clk_wiz_0_0 rise@10.000ns - clk_out1_design_1_clk_wiz_0_0 rise@0.000ns)
  Data Path Delay:        7.596ns  (logic 0.456ns (6.003%)  route 7.140ns (93.997%))
  Logic Levels:           0  
  Clock Path Skew:        -0.212ns (DCD - SCD + CPR)
    Destination Clock Delay (DCD):    -1.347ns = ( 8.653 - 10.000 ) 
    Source Clock Delay      (SCD):    -0.648ns
    Clock Pessimism Removal (CPR):    0.487ns
  Clock Uncertainty:      0.088ns  ((TSJ^2 + DJ^2)^1/2) / 2 + PE
    Total System Jitter     (TSJ):    0.071ns
    Discrete Jitter          (DJ):    0.162ns
    Phase Error              (PE):    0.000ns

    Location             Delay type                Incr(ns)  Path(ns)    Netlist Resource(s)
  -------------------------------------------------------------------    -------------------
                         (clock clk_out1_design_1_clk_wiz_0_0 rise edge)
                                                      0.000     0.000 r  <hidden>
    N18                                               0.000     0.000 r  clk_50m
                         net (fo=0)                   0.000     0.000    design_1_i/clk_wiz_0/inst/clk_in1
    N18                  IBUF (Prop_ibuf_I_O)         1.492     1.492 r  design_1_i/clk_wiz_0/inst/clkin1_ibufg/O
                         net (fo=1, routed)           1.285     2.777    design_1_i/clk_wiz_0/inst/clk_in1_design_1_clk_wiz_0_0
    MMCME2_ADV_X0Y0      MMCME2_ADV (Prop_mmcme2_adv_CLKIN1_CLKOUT0)
                                                     -7.010    -4.233 r  design_1_i/clk_wiz_0/inst/mmcm_adv_inst/CLKOUT0
                         net (fo=1, routed)           1.760    -2.473    design_1_i/clk_wiz_0/inst/clk_out1_design_1_clk_wiz_0_0
    BUFGCTRL_X0Y1        BUFG (Prop_bufg_I_O)         0.101    -2.372 r  design_1_i/clk_wiz_0/inst/clkout1_buf/O
                         net (fo=8468, routed)        1.724    -0.648    design_1_i/microblaze_0/U0/<hidden>/<hidden>
    SLICE_X1Y1           FDRE                                         r  design_1_i/microblaze_0/U0/<hidden>/<hidden>/<hidden>
  -------------------------------------------------------------------    -------------------
    SLICE_X1Y1           FDRE (Prop_fdre_C_Q)         0.456    -0.192 r  design_1_i/microblaze_0/U0/<hidden>/<hidden>/<hidden>
                         net (fo=732, routed)         7.140     6.948    design_1_i/microblaze_0/U0/<hidden>/<hidden>/<hidden>/<hidden>/<hidden>
    SLICE_X34Y10         FDRE                                         r  design_1_i/microblaze_0/U0/<hidden>/<hidden>/<hidden>/<hidden>/<hidden>/<hidden>
  -------------------------------------------------------------------    -------------------

                         (clock clk_out1_design_1_clk_wiz_0_0 rise edge)
                                                     10.000    10.000 r  <hidden>
    N18                                               0.000    10.000 r  clk_50m
                         net (fo=0)                   0.000    10.000    design_1_i/clk_wiz_0/inst/clk_in1
    N18                  IBUF (Prop_ibuf_I_O)         1.421    11.421 r  design_1_i/clk_wiz_0/inst/clkin1_ibufg/O
                         net (fo=1, routed)           1.162    12.583    design_1_i/clk_wiz_0/inst/clk_in1_design_1_clk_wiz_0_0
    MMCME2_ADV_X0Y0      MMCME2_ADV (Prop_mmcme2_adv_CLKIN1_CLKOUT0)
                                                     -7.118     5.465 r  design_1_i/clk_wiz_0/inst/mmcm_adv_inst/CLKOUT0
                         net (fo=1, routed)           1.599     7.064    design_1_i/clk_wiz_0/inst/clk_out1_design_1_clk_wiz_0_0
    BUFGCTRL_X0Y1        BUFG (Prop_bufg_I_O)         0.091     7.155 r  design_1_i/clk_wiz_0/inst/clkout1_buf/O
                         net (fo=8468, routed)        1.498     8.653    design_1_i/microblaze_0/U0/<hidden>/<hidden>/<hidden>/<hidden>/<hidden>
    SLICE_X34Y10         FDRE                                         r  design_1_i/microblaze_0/U0/<hidden>/<hidden>/<hidden>/<hidden>/<hidden>/<hidden>
                         clock pessimism              0.487     9.140    <hidden>
                         clock uncertainty           -0.088     9.052    <hidden>
    SLICE_X34Y10         FDRE (Setup_fdre_C_R)       -0.524     8.528    design_1_i/microblaze_0/U0/<hidden>/<hidden>/<hidden>/<hidden>/<hidden>
  -------------------------------------------------------------------
                         required time                          8.528    <hidden>
                         arrival time                          -6.948    <hidden>
  -------------------------------------------------------------------
                         slack                                  1.580    <hidden>





Min Delay Paths
--------------------------------------------------------------------------------------
Slack (MET) :             0.015ns  (arrival time - required time)
  Source:                 design_1_i/axi_dma_0/U0/INCLUDE_S2MM_SOF_EOF_GENERATOR.I_S2MM_DMA_MNGR/GEN_S2MM_DMA_CONTROL.GEN_SIMPLE_DMA_MODE.I_S2MM_SMPL_SM/GEN_CMD_BTT_LESS_23.cmnd_data_reg[8]/C
                            (rising edge-triggered cell FDRE clocked by clk_out1_design_1_clk_wiz_0_0  {rise@0.000ns fall@5.000ns period=10.000ns})
  Destination:            design_1_i/axi_dma_0/U0/I_PRMRY_DATAMOVER/GEN_S2MM_FULL.I_S2MM_FULL_WRAPPER/I_CMD_STATUS/I_CMD_FIFO/USE_SINGLE_REG.sig_regfifo_dout_reg_reg[8]/D
                            (rising edge-triggered cell FDRE clocked by clk_out1_design_1_clk_wiz_0_0  {rise@0.000ns fall@5.000ns period=10.000ns})
  Path Group:             clk_out1_design_1_clk_wiz_0_0
  Path Type:              Hold (Min at Fast Process Corner)
  Requirement:            0.000ns  (clk_out1_design_1_clk_wiz_0_0 rise@0.000ns - clk_out1_design_1_clk_wiz_0_0 rise@0.000ns)
  Data Path Delay:        0.340ns  (logic 0.141ns (41.500%)  route 0.199ns (58.500%))
  Logic Levels:           0  
  Clock Path Skew:        0.258ns (DCD - SCD - CPR)
    Destination Clock Delay (DCD):    -0.752ns
    Source Clock Delay      (SCD):    -0.514ns
    Clock Pessimism Removal (CPR):    -0.497ns

    Location             Delay type                Incr(ns)  Path(ns)    Netlist Resource(s)
  -------------------------------------------------------------------    -------------------
                         (clock clk_out1_design_1_clk_wiz_0_0 rise edge)
                                                      0.000     0.000 r  <hidden>
    N18                                               0.000     0.000 r  clk_50m
                         net (fo=0)                   0.000     0.000    design_1_i/clk_wiz_0/inst/clk_in1
    N18                  IBUF (Prop_ibuf_I_O)         0.260     0.260 r  design_1_i/clk_wiz_0/inst/clkin1_ibufg/O
                         net (fo=1, routed)           0.440     0.700    design_1_i/clk_wiz_0/inst/clk_in1_design_1_clk_wiz_0_0
    MMCME2_ADV_X0Y0      MMCME2_ADV (Prop_mmcme2_adv_CLKIN1_CLKOUT0)
                                                     -2.271    -1.571 r  design_1_i/clk_wiz_0/inst/mmcm_adv_inst/CLKOUT0
                         net (fo=1, routed)           0.482    -1.090    design_1_i/clk_wiz_0/inst/clk_out1_design_1_clk_wiz_0_0
    BUFGCTRL_X0Y1        BUFG (Prop_bufg_I_O)         0.026    -1.064 r  design_1_i/clk_wiz_0/inst/clkout1_buf/O
                         net (fo=8468, routed)        0.550    -0.514    design_1_i/axi_dma_0/U0/INCLUDE_S2MM_SOF_EOF_GENERATOR.I_S2MM_DMA_MNGR/GEN_S2MM_DMA_CONTROL.GEN_SIMPLE_DMA_MODE.I_S2MM_SMPL_SM/s_axi_lite_aclk
    SLICE_X21Y28         FDRE                                         r  design_1_i/axi_dma_0/U0/INCLUDE_S2MM_SOF_EOF_GENERATOR.I_S2MM_DMA_MNGR/GEN_S2MM_DMA_CONTROL.GEN_SIMPLE_DMA_MODE.I_S2MM_SMPL_SM/GEN_CMD_BTT_LESS_23.cmnd_data_reg[8]/C
  -------------------------------------------------------------------    -------------------
    SLICE_X21Y28         FDRE (Prop_fdre_C_Q)         0.141    -0.373 r  design_1_i/axi_dma_0/U0/INCLUDE_S2MM_SOF_EOF_GENERATOR.I_S2MM_DMA_MNGR/GEN_S2MM_DMA_CONTROL.GEN_SIMPLE_DMA_MODE.I_S2MM_SMPL_SM/GEN_CMD_BTT_LESS_23.cmnd_data_reg[8]/Q
                         net (fo=1, routed)           0.199    -0.174    design_1_i/axi_dma_0/U0/I_PRMRY_DATAMOVER/GEN_S2MM_FULL.I_S2MM_FULL_WRAPPER/I_CMD_STATUS/I_CMD_FIFO/D[8]
    SLICE_X25Y26         FDRE                                         r  design_1_i/axi_dma_0/U0/I_PRMRY_DATAMOVER/GEN_S2MM_FULL.I_S2MM_FULL_WRAPPER/I_CMD_STATUS/I_CMD_FIFO/USE_SINGLE_REG.sig_regfifo_dout_reg_reg[8]/D
  -------------------------------------------------------------------    -------------------

                         (clock clk_out1_design_1_clk_wiz_0_0 rise edge)
                                                      0.000     0.000 r  <hidden>
    N18                                               0.000     0.000 r  clk_50m
                         net (fo=0)                   0.000     0.000    design_1_i/clk_wiz_0/inst/clk_in1
    N18                  IBUF (Prop_ibuf_I_O)         0.448     0.448 r  design_1_i/clk_wiz_0/inst/clkin1_ibufg/O
                         net (fo=1, routed)           0.480     0.928    design_1_i/clk_wiz_0/inst/clk_in1_design_1_clk_wiz_0_0
    MMCME2_ADV_X0Y0      MMCME2_ADV (Prop_mmcme2_adv_CLKIN1_CLKOUT0)
                                                     -3.050    -2.122 r  design_1_i/clk_wiz_0/inst/mmcm_adv_inst/CLKOUT0
                         net (fo=1, routed)           0.528    -1.594    design_1_i/clk_wiz_0/inst/clk_out1_design_1_clk_wiz_0_0
    BUFGCTRL_X0Y1        BUFG (Prop_bufg_I_O)         0.029    -1.565 r  design_1_i/clk_wiz_0/inst/clkout1_buf/O
                         net (fo=8468, routed)        0.813    -0.752    design_1_i/axi_dma_0/U0/I_PRMRY_DATAMOVER/GEN_S2MM_FULL.I_S2MM_FULL_WRAPPER/I_CMD_STATUS/I_CMD_FIFO/m_axi_s2mm_aclk
    SLICE_X25Y26         FDRE                                         r  design_1_i/axi_dma_0/U0/I_PRMRY_DATAMOVER/GEN_S2MM_FULL.I_S2MM_FULL_WRAPPER/I_CMD_STATUS/I_CMD_FIFO/USE_SINGLE_REG.sig_regfifo_dout_reg_reg[8]/C
                         clock pessimism              0.497    -0.256    <hidden>
    SLICE_X25Y26         FDRE (Hold_fdre_C_D)         0.066    -0.190    design_1_i/axi_dma_0/U0/I_PRMRY_DATAMOVER/GEN_S2MM_FULL.I_S2MM_FULL_WRAPPER/I_CMD_STATUS/I_CMD_FIFO/USE_SINGLE_REG.sig_regfifo_dout_reg_reg[8]
  -------------------------------------------------------------------
                         required time                          0.190    <hidden>
                         arrival time                          -0.174    <hidden>
  -------------------------------------------------------------------
                         slack                                  0.015    <hidden>





Pulse Width Checks
--------------------------------------------------------------------------------------
Clock Name:         clk_out1_design_1_clk_wiz_0_0
Waveform(ns):       { 0.000 5.000 }
Period(ns):         10.000
Sources:            { design_1_i/clk_wiz_0/inst/mmcm_adv_inst/CLKOUT0 }

Check Type        Corner  Lib Pin             Reference Pin  Required(ns)  Actual(ns)  Slack(ns)  Location         Pin
Min Period        n/a     RAMB36E1/CLKARDCLK  n/a            2.944         10.000      7.056      RAMB36_X0Y9      design_1_i/axi4_full_ram_0/inst/mem_reg_0/CLKARDCLK
Max Period        n/a     MMCME2_ADV/CLKOUT0  n/a            213.360       10.000      203.360    MMCME2_ADV_X0Y0  design_1_i/clk_wiz_0/inst/mmcm_adv_inst/CLKOUT0
Low Pulse Width   Slow    RAMD32/CLK          n/a            1.250         5.000       3.750      SLICE_X42Y22     design_1_i/axi_dma_0/U0/I_PRMRY_DATAMOVER/GEN_S2MM_FULL.I_S2MM_FULL_WRAPPER/GEN_ENABLE_INDET_BTT_SF.I_INDET_BTT/I_XD_FIFO/NON_BLK_MEM.I_SYNC_FIFOGEN_FIFO/xpm_fifo_base_inst/gen_sdpram.xpm_memory_base_inst/gen_wr_a.gen_word_narrow.mem_reg_0_15_0_5/RAMA/CLK
High Pulse Width  Slow    RAMD32/CLK          n/a            1.250         5.000       3.750      SLICE_X42Y22     design_1_i/axi_dma_0/U0/I_PRMRY_DATAMOVER/GEN_S2MM_FULL.I_S2MM_FULL_WRAPPER/GEN_ENABLE_INDET_BTT_SF.I_INDET_BTT/I_XD_FIFO/NON_BLK_MEM.I_SYNC_FIFOGEN_FIFO/xpm_fifo_base_inst/gen_sdpram.xpm_memory_base_inst/gen_wr_a.gen_word_narrow.mem_reg_0_15_0_5/RAMA/CLK



---------------------------------------------------------------------------------------------------
From Clock:  clkfbout_design_1_clk_wiz_0_0
  To Clock:  clkfbout_design_1_clk_wiz_0_0

Setup :           NA  Failing Endpoints,  Worst Slack           NA  ,  Total Violation           NA
Hold  :           NA  Failing Endpoints,  Worst Slack           NA  ,  Total Violation           NA
PW    :            0  Failing Endpoints,  Worst Slack       17.845ns,  Total Violation        0.000ns
---------------------------------------------------------------------------------------------------


Pulse Width Checks
--------------------------------------------------------------------------------------
Clock Name:         clkfbout_design_1_clk_wiz_0_0
Waveform(ns):       { 0.000 10.000 }
Period(ns):         20.000
Sources:            { design_1_i/clk_wiz_0/inst/mmcm_adv_inst/CLKFBOUT }

Check Type  Corner  Lib Pin             Reference Pin  Required(ns)  Actual(ns)  Slack(ns)  Location         Pin
Min Period  n/a     BUFG/I              n/a            2.155         20.000      17.845     BUFGCTRL_X0Y4    design_1_i/clk_wiz_0/inst/clkf_buf/I
Max Period  n/a     MMCME2_ADV/CLKFBIN  n/a            100.000       20.000      80.000     MMCME2_ADV_X0Y0  design_1_i/clk_wiz_0/inst/mmcm_adv_inst/CLKFBIN



---------------------------------------------------------------------------------------------------
From Clock:  design_1_i/mdm_1/U0/Use_E2.BSCAN_I/Use_E2.BSCANE2_I/DRCK
  To Clock:  design_1_i/mdm_1/U0/Use_E2.BSCAN_I/Use_E2.BSCANE2_I/DRCK

Setup :            0  Failing Endpoints,  Worst Slack       12.580ns,  Total Violation        0.000ns
Hold  :            0  Failing Endpoints,  Worst Slack        0.134ns,  Total Violation        0.000ns
PW    :            0  Failing Endpoints,  Worst Slack       15.686ns,  Total Violation        0.000ns
---------------------------------------------------------------------------------------------------


Max Delay Paths
--------------------------------------------------------------------------------------
Slack (MET) :             12.580ns  (required time - arrival time)
  Source:                 design_1_i/mdm_1/U0/MDM_Core_I1/JTAG_CONTROL_I/Use_BSCAN.SYNC_FDRE/Using_FPGA.Native/C
                            (falling edge-triggered cell FDRE clocked by design_1_i/mdm_1/U0/Use_E2.BSCAN_I/Use_E2.BSCANE2_I/DRCK  {rise@0.000ns fall@16.667ns period=33.333ns})
  Destination:            design_1_i/microblaze_0/U0/<hidden>/<hidden>/<hidden>/<hidden>/<hidden>
                            (rising edge-triggered cell FDRE clocked by design_1_i/mdm_1/U0/Use_E2.BSCAN_I/Use_E2.BSCANE2_I/DRCK  {rise@0.000ns fall@16.667ns period=33.333ns})
  Path Group:             design_1_i/mdm_1/U0/Use_E2.BSCAN_I/Use_E2.BSCANE2_I/DRCK
  Path Type:              Setup (Max at Slow Process Corner)
  Requirement:            16.667ns  (design_1_i/mdm_1/U0/Use_E2.BSCAN_I/Use_E2.BSCANE2_I/DRCK rise@33.333ns - design_1_i/mdm_1/U0/Use_E2.BSCAN_I/Use_E2.BSCANE2_I/DRCK fall@16.667ns)
  Data Path Delay:        4.054ns  (logic 0.772ns (19.043%)  route 3.282ns (80.956%))
  Logic Levels:           2  (LUT3=1 LUT6=1)
  Clock Path Skew:        -0.026ns (DCD - SCD + CPR)
    Destination Clock Delay (DCD):    3.285ns = ( 36.618 - 33.333 ) 
    Source Clock Delay      (SCD):    3.754ns = ( 20.420 - 16.667 ) 
    Clock Pessimism Removal (CPR):    0.443ns
  Clock Uncertainty:      0.035ns  ((TSJ^2 + TIJ^2)^1/2 + DJ) / 2 + PE
    Total System Jitter     (TSJ):    0.071ns
    Total Input Jitter      (TIJ):    0.000ns
    Discrete Jitter          (DJ):    0.000ns
    Phase Error              (PE):    0.000ns

    Location             Delay type                Incr(ns)  Path(ns)    Netlist Resource(s)
  -------------------------------------------------------------------    -------------------
                         (clock design_1_i/mdm_1/U0/Use_E2.BSCAN_I/Use_E2.BSCANE2_I/DRCK fall edge)
                                                     16.667    16.667 f  <hidden>
    BSCAN_X0Y1           BSCANE2                      0.000    16.667 f  design_1_i/mdm_1/U0/Use_E2.BSCAN_I/Use_E2.BSCANE2_I/DRCK
                         net (fo=1, routed)           1.924    18.590    design_1_i/mdm_1/U0/No_Dbg_Reg_Access.BUFG_DRCK/DRCK
    BUFGCTRL_X0Y2        BUFG (Prop_bufg_I_O)         0.101    18.691 f  design_1_i/mdm_1/U0/No_Dbg_Reg_Access.BUFG_DRCK/Using_FPGA.Native/O
                         net (fo=233, routed)         1.729    20.420    design_1_i/mdm_1/U0/MDM_Core_I1/JTAG_CONTROL_I/Use_BSCAN.SYNC_FDRE/Using_FPGA.Native_0
    SLICE_X4Y0           FDRE                                         r  design_1_i/mdm_1/U0/MDM_Core_I1/JTAG_CONTROL_I/Use_BSCAN.SYNC_FDRE/Using_FPGA.Native/C  (IS_INVERTED)
  -------------------------------------------------------------------    -------------------
    SLICE_X4Y0           FDRE (Prop_fdre_C_Q)         0.524    20.944 r  design_1_i/mdm_1/U0/MDM_Core_I1/JTAG_CONTROL_I/Use_BSCAN.SYNC_FDRE/Using_FPGA.Native/Q
                         net (fo=4, routed)           1.411    22.356    design_1_i/mdm_1/U0/MDM_Core_I1/JTAG_CONTROL_I/Use_BSCAN.SYNC_FDRE/sync
    SLICE_X10Y2          LUT6 (Prop_lut6_I0_O)        0.124    22.480 r  design_1_i/mdm_1/U0/MDM_Core_I1/JTAG_CONTROL_I/Use_BSCAN.SYNC_FDRE/Dbg_Shift_0_INST_0/O
                         net (fo=8, routed)           1.870    24.350    design_1_i/microblaze_0/U0/<hidden>/<hidden>/<hidden>/<hidden>
    SLICE_X2Y5           LUT3 (Prop_lut3_I2_O)        0.124    24.474 r  design_1_i/microblaze_0/U0/<hidden>/<hidden>/<hidden>/<hidden>/<hidden>
                         net (fo=1, routed)           0.000    24.474    design_1_i/microblaze_0/U0/<hidden>/<hidden>/<hidden>/<hidden>
    SLICE_X2Y5           FDRE                                         r  design_1_i/microblaze_0/U0/<hidden>/<hidden>/<hidden>/<hidden>/<hidden>
  -------------------------------------------------------------------    -------------------

                         (clock design_1_i/mdm_1/U0/Use_E2.BSCAN_I/Use_E2.BSCANE2_I/DRCK rise edge)
                                                     33.333    33.333 r  <hidden>
    BSCAN_X0Y1           BSCANE2                      0.000    33.333 r  design_1_i/mdm_1/U0/Use_E2.BSCAN_I/Use_E2.BSCANE2_I/DRCK
                         net (fo=1, routed)           1.643    34.976    design_1_i/mdm_1/U0/No_Dbg_Reg_Access.BUFG_DRCK/DRCK
    BUFGCTRL_X0Y2        BUFG (Prop_bufg_I_O)         0.091    35.067 r  design_1_i/mdm_1/U0/No_Dbg_Reg_Access.BUFG_DRCK/Using_FPGA.Native/O
                         net (fo=233, routed)         1.551    36.618    design_1_i/microblaze_0/U0/<hidden>/<hidden>/<hidden>/<hidden>
    SLICE_X2Y5           FDRE                                         r  design_1_i/microblaze_0/U0/<hidden>/<hidden>/<hidden>/<hidden>/<hidden>
                         clock pessimism              0.443    37.061    <hidden>
                         clock uncertainty           -0.035    37.026    <hidden>
    SLICE_X2Y5           FDRE (Setup_fdre_C_D)        0.029    37.055    design_1_i/microblaze_0/U0/<hidden>/<hidden>/<hidden>/<hidden>
  -------------------------------------------------------------------
                         required time                         37.055    <hidden>
                         arrival time                         -24.474    <hidden>
  -------------------------------------------------------------------
                         slack                                 12.580    <hidden>





Min Delay Paths
--------------------------------------------------------------------------------------
Slack (MET) :             0.134ns  (arrival time - required time)
  Source:                 design_1_i/microblaze_0/U0/<hidden>/<hidden>/<hidden>/<hidden>/<hidden>
                            (rising edge-triggered cell FDRE clocked by design_1_i/mdm_1/U0/Use_E2.BSCAN_I/Use_E2.BSCANE2_I/DRCK  {rise@0.000ns fall@16.667ns period=33.333ns})
  Destination:            design_1_i/microblaze_0/U0/<hidden>/<hidden>/<hidden>/<hidden>/<hidden>
                            (rising edge-triggered cell FDRE clocked by design_1_i/mdm_1/U0/Use_E2.BSCAN_I/Use_E2.BSCANE2_I/DRCK  {rise@0.000ns fall@16.667ns period=33.333ns})
  Path Group:             design_1_i/mdm_1/U0/Use_E2.BSCAN_I/Use_E2.BSCANE2_I/DRCK
  Path Type:              Hold (Min at Fast Process Corner)
  Requirement:            0.000ns  (design_1_i/mdm_1/U0/Use_E2.BSCAN_I/Use_E2.BSCANE2_I/DRCK rise@0.000ns - design_1_i/mdm_1/U0/Use_E2.BSCAN_I/Use_E2.BSCANE2_I/DRCK rise@0.000ns)
  Data Path Delay:        0.209ns  (logic 0.141ns (67.454%)  route 0.068ns (32.546%))
  Logic Levels:           0  
  Clock Path Skew:        0.000ns (DCD - SCD - CPR)
    Destination Clock Delay (DCD):    1.738ns
    Source Clock Delay      (SCD):    1.346ns
    Clock Pessimism Removal (CPR):    0.391ns

    Location             Delay type                Incr(ns)  Path(ns)    Netlist Resource(s)
  -------------------------------------------------------------------    -------------------
                         (clock design_1_i/mdm_1/U0/Use_E2.BSCAN_I/Use_E2.BSCANE2_I/DRCK rise edge)
                                                      0.000     0.000 r  <hidden>
    BSCAN_X0Y1           BSCANE2                      0.000     0.000 r  design_1_i/mdm_1/U0/Use_E2.BSCAN_I/Use_E2.BSCANE2_I/DRCK
                         net (fo=1, routed)           0.757     0.757    design_1_i/mdm_1/U0/No_Dbg_Reg_Access.BUFG_DRCK/DRCK
    BUFGCTRL_X0Y2        BUFG (Prop_bufg_I_O)         0.026     0.783 r  design_1_i/mdm_1/U0/No_Dbg_Reg_Access.BUFG_DRCK/Using_FPGA.Native/O
                         net (fo=233, routed)         0.564     1.346    design_1_i/microblaze_0/U0/<hidden>/<hidden>/<hidden>/<hidden>
    SLICE_X19Y2          FDRE                                         r  design_1_i/microblaze_0/U0/<hidden>/<hidden>/<hidden>/<hidden>/<hidden>
  -------------------------------------------------------------------    -------------------
    SLICE_X19Y2          FDRE (Prop_fdre_C_Q)         0.141     1.487 r  design_1_i/microblaze_0/U0/<hidden>/<hidden>/<hidden>/<hidden>/<hidden>
                         net (fo=2, routed)           0.068     1.556    design_1_i/microblaze_0/U0/<hidden>/<hidden>/<hidden>/<hidden>
    SLICE_X19Y2          FDRE                                         r  design_1_i/microblaze_0/U0/<hidden>/<hidden>/<hidden>/<hidden>/<hidden>
  -------------------------------------------------------------------    -------------------

                         (clock design_1_i/mdm_1/U0/Use_E2.BSCAN_I/Use_E2.BSCANE2_I/DRCK rise edge)
                                                      0.000     0.000 r  <hidden>
    BSCAN_X0Y1           BSCANE2                      0.000     0.000 r  design_1_i/mdm_1/U0/Use_E2.BSCAN_I/Use_E2.BSCANE2_I/DRCK
                         net (fo=1, routed)           0.877     0.877    design_1_i/mdm_1/U0/No_Dbg_Reg_Access.BUFG_DRCK/DRCK
    BUFGCTRL_X0Y2        BUFG (Prop_bufg_I_O)         0.029     0.906 r  design_1_i/mdm_1/U0/No_Dbg_Reg_Access.BUFG_DRCK/Using_FPGA.Native/O
                         net (fo=233, routed)         0.832     1.738    design_1_i/microblaze_0/U0/<hidden>/<hidden>/<hidden>/<hidden>
    SLICE_X19Y2          FDRE                                         r  design_1_i/microblaze_0/U0/<hidden>/<hidden>/<hidden>/<hidden>/<hidden>
                         clock pessimism             -0.391     1.346    <hidden>
    SLICE_X19Y2          FDRE (Hold_fdre_C_D)         0.075     1.421    design_1_i/microblaze_0/U0/<hidden>/<hidden>/<hidden>/<hidden>
  -------------------------------------------------------------------
                         required time                         -1.421    <hidden>
                         arrival time                           1.556    <hidden>
  -------------------------------------------------------------------
                         slack                                  0.134    <hidden>





Pulse Width Checks
--------------------------------------------------------------------------------------
Clock Name:         design_1_i/mdm_1/U0/Use_E2.BSCAN_I/Use_E2.BSCANE2_I/DRCK
Waveform(ns):       { 0.000 16.667 }
Period(ns):         33.333
Sources:            { design_1_i/mdm_1/U0/Use_E2.BSCAN_I/Use_E2.BSCANE2_I/DRCK }

Check Type        Corner  Lib Pin     Reference Pin  Required(ns)  Actual(ns)  Slack(ns)  Location       Pin
Min Period        n/a     BUFG/I      n/a            2.155         33.333      31.178     BUFGCTRL_X0Y2  design_1_i/mdm_1/U0/No_Dbg_Reg_Access.BUFG_DRCK/Using_FPGA.Native/I
Low Pulse Width   Slow    SRL16E/CLK  n/a            0.980         16.667      15.687     SLICE_X0Y6     design_1_i/mdm_1/U0/MDM_Core_I1/Use_BSCAN.Config_Reg_reg[12]_srl13_MDM_Core_I1_Use_BSCAN.Config_Reg_reg_c_11/CLK
High Pulse Width  Slow    SRL16E/CLK  n/a            0.980         16.666      15.686     SLICE_X0Y6     design_1_i/mdm_1/U0/MDM_Core_I1/Use_BSCAN.Config_Reg_reg[12]_srl13_MDM_Core_I1_Use_BSCAN.Config_Reg_reg_c_11/CLK



---------------------------------------------------------------------------------------------------
From Clock:  design_1_i/mdm_1/U0/Use_E2.BSCAN_I/Use_E2.BSCANE2_I/UPDATE
  To Clock:  design_1_i/mdm_1/U0/Use_E2.BSCAN_I/Use_E2.BSCANE2_I/UPDATE

Setup :            0  Failing Endpoints,  Worst Slack       11.473ns,  Total Violation        0.000ns
Hold  :            0  Failing Endpoints,  Worst Slack        0.252ns,  Total Violation        0.000ns
PW    :            0  Failing Endpoints,  Worst Slack       16.166ns,  Total Violation        0.000ns
---------------------------------------------------------------------------------------------------


Max Delay Paths
--------------------------------------------------------------------------------------
Slack (MET) :             11.473ns  (required time - arrival time)
  Source:                 design_1_i/mdm_1/U0/MDM_Core_I1/JTAG_CONTROL_I/Use_BSCAN.FDC_I/Using_FPGA.Native/C
                            (falling edge-triggered cell FDCE clocked by design_1_i/mdm_1/U0/Use_E2.BSCAN_I/Use_E2.BSCANE2_I/UPDATE  {rise@0.000ns fall@16.667ns period=33.333ns})
  Destination:            design_1_i/microblaze_0/U0/<hidden>/<hidden>/<hidden>/<hidden>/<hidden>
                            (rising edge-triggered cell FDCE clocked by design_1_i/mdm_1/U0/Use_E2.BSCAN_I/Use_E2.BSCANE2_I/UPDATE  {rise@0.000ns fall@16.667ns period=33.333ns})
  Path Group:             design_1_i/mdm_1/U0/Use_E2.BSCAN_I/Use_E2.BSCANE2_I/UPDATE
  Path Type:              Setup (Max at Slow Process Corner)
  Requirement:            16.667ns  (design_1_i/mdm_1/U0/Use_E2.BSCAN_I/Use_E2.BSCANE2_I/UPDATE rise@33.333ns - design_1_i/mdm_1/U0/Use_E2.BSCAN_I/Use_E2.BSCANE2_I/UPDATE fall@16.667ns)
  Data Path Delay:        4.638ns  (logic 1.155ns (24.903%)  route 3.483ns (75.097%))
  Logic Levels:           3  (LUT3=1 LUT4=1 LUT5=1)
  Clock Path Skew:        -0.112ns (DCD - SCD + CPR)
    Destination Clock Delay (DCD):    2.960ns = ( 36.293 - 33.333 ) 
    Source Clock Delay      (SCD):    3.435ns = ( 20.102 - 16.667 ) 
    Clock Pessimism Removal (CPR):    0.364ns
  Clock Uncertainty:      0.035ns  ((TSJ^2 + TIJ^2)^1/2 + DJ) / 2 + PE
    Total System Jitter     (TSJ):    0.071ns
    Total Input Jitter      (TIJ):    0.000ns
    Discrete Jitter          (DJ):    0.000ns
    Phase Error              (PE):    0.000ns

    Location             Delay type                Incr(ns)  Path(ns)    Netlist Resource(s)
  -------------------------------------------------------------------    -------------------
                         (clock design_1_i/mdm_1/U0/Use_E2.BSCAN_I/Use_E2.BSCANE2_I/UPDATE fall edge)
                                                     16.667    16.667 f  <hidden>
    BSCAN_X0Y1           BSCANE2                      0.000    16.667 f  design_1_i/mdm_1/U0/Use_E2.BSCAN_I/Use_E2.BSCANE2_I/UPDATE
                         net (fo=1, routed)           1.605    18.272    design_1_i/mdm_1/U0/Use_E2.BSCAN_I/Dbg_Update_0
    BUFGCTRL_X0Y3        BUFG (Prop_bufg_I_O)         0.101    18.373 f  design_1_i/mdm_1/U0/Use_E2.BSCAN_I/Dbg_Update_0_BUFG_inst/O
                         net (fo=39, routed)          1.729    20.102    design_1_i/mdm_1/U0/MDM_Core_I1/JTAG_CONTROL_I/Use_BSCAN.FDC_I/CLK
    SLICE_X4Y1           FDCE                                         r  design_1_i/mdm_1/U0/MDM_Core_I1/JTAG_CONTROL_I/Use_BSCAN.FDC_I/Using_FPGA.Native/C  (IS_INVERTED)
  -------------------------------------------------------------------    -------------------
    SLICE_X4Y1           FDCE (Prop_fdce_C_Q)         0.524    20.626 f  design_1_i/mdm_1/U0/MDM_Core_I1/JTAG_CONTROL_I/Use_BSCAN.FDC_I/Using_FPGA.Native/Q
                         net (fo=16, routed)          1.253    21.879    design_1_i/mdm_1/U0/MDM_Core_I1/JTAG_CONTROL_I/Use_BSCAN.FDC_I/Q_0
    SLICE_X8Y2           LUT3 (Prop_lut3_I1_O)        0.150    22.029 f  design_1_i/mdm_1/U0/MDM_Core_I1/JTAG_CONTROL_I/Use_BSCAN.FDC_I/Dbg_Reg_En_0[1]_INST_0/O
                         net (fo=2, routed)           0.659    22.688    design_1_i/microblaze_0/U0/<hidden>/<hidden>/<hidden>/<hidden>
    SLICE_X9Y2           LUT4 (Prop_lut4_I1_O)        0.328    23.016 f  design_1_i/microblaze_0/U0/<hidden>/<hidden>/<hidden>/<hidden>/<hidden>
                         net (fo=7, routed)           0.603    23.619    design_1_i/microblaze_0/U0/<hidden>/<hidden>/<hidden>/<hidden>
    SLICE_X11Y2          LUT5 (Prop_lut5_I4_O)        0.153    23.772 r  design_1_i/microblaze_0/U0/<hidden>/<hidden>/<hidden>/<hidden>/<hidden>
                         net (fo=8, routed)           0.968    24.740    design_1_i/microblaze_0/U0/<hidden>/<hidden>/<hidden>/<hidden>
    SLICE_X14Y2          FDCE                                         r  design_1_i/microblaze_0/U0/<hidden>/<hidden>/<hidden>/<hidden>/<hidden>
  -------------------------------------------------------------------    -------------------

                         (clock design_1_i/mdm_1/U0/Use_E2.BSCAN_I/Use_E2.BSCANE2_I/UPDATE rise edge)
                                                     33.333    33.333 r  <hidden>
    BSCAN_X0Y1           BSCANE2                      0.000    33.333 r  design_1_i/mdm_1/U0/Use_E2.BSCAN_I/Use_E2.BSCANE2_I/UPDATE
                         net (fo=1, routed)           1.366    34.699    design_1_i/mdm_1/U0/Use_E2.BSCAN_I/Dbg_Update_0
    BUFGCTRL_X0Y3        BUFG (Prop_bufg_I_O)         0.091    34.790 r  design_1_i/mdm_1/U0/Use_E2.BSCAN_I/Dbg_Update_0_BUFG_inst/O
                         net (fo=39, routed)          1.502    36.293    design_1_i/microblaze_0/U0/<hidden>/<hidden>/<hidden>/<hidden>
    SLICE_X14Y2          FDCE                                         r  design_1_i/microblaze_0/U0/<hidden>/<hidden>/<hidden>/<hidden>/<hidden>
                         clock pessimism              0.364    36.656    <hidden>
                         clock uncertainty           -0.035    36.621    <hidden>
    SLICE_X14Y2          FDCE (Setup_fdce_C_CE)      -0.408    36.213    design_1_i/microblaze_0/U0/<hidden>/<hidden>/<hidden>/<hidden>
  -------------------------------------------------------------------
                         required time                         36.213    <hidden>
                         arrival time                         -24.740    <hidden>
  -------------------------------------------------------------------
                         slack                                 11.473    <hidden>





Min Delay Paths
--------------------------------------------------------------------------------------
Slack (MET) :             0.252ns  (arrival time - required time)
  Source:                 design_1_i/mdm_1/U0/MDM_Core_I1/JTAG_CONTROL_I/Debug_SYS_Rst_i_reg/C
                            (rising edge-triggered cell FDRE clocked by design_1_i/mdm_1/U0/Use_E2.BSCAN_I/Use_E2.BSCANE2_I/UPDATE  {rise@0.000ns fall@16.667ns period=33.333ns})
  Destination:            design_1_i/mdm_1/U0/MDM_Core_I1/JTAG_CONTROL_I/Debug_SYS_Rst_i_reg/D
                            (rising edge-triggered cell FDRE clocked by design_1_i/mdm_1/U0/Use_E2.BSCAN_I/Use_E2.BSCANE2_I/UPDATE  {rise@0.000ns fall@16.667ns period=33.333ns})
  Path Group:             design_1_i/mdm_1/U0/Use_E2.BSCAN_I/Use_E2.BSCANE2_I/UPDATE
  Path Type:              Hold (Min at Fast Process Corner)
  Requirement:            0.000ns  (design_1_i/mdm_1/U0/Use_E2.BSCAN_I/Use_E2.BSCANE2_I/UPDATE rise@0.000ns - design_1_i/mdm_1/U0/Use_E2.BSCAN_I/Use_E2.BSCANE2_I/UPDATE rise@0.000ns)
  Data Path Delay:        0.373ns  (logic 0.209ns (56.105%)  route 0.164ns (43.895%))
  Logic Levels:           1  (LUT6=1)
  Clock Path Skew:        0.000ns (DCD - SCD - CPR)
    Destination Clock Delay (DCD):    1.581ns
    Source Clock Delay      (SCD):    1.210ns
    Clock Pessimism Removal (CPR):    0.371ns

    Location             Delay type                Incr(ns)  Path(ns)    Netlist Resource(s)
  -------------------------------------------------------------------    -------------------
                         (clock design_1_i/mdm_1/U0/Use_E2.BSCAN_I/Use_E2.BSCANE2_I/UPDATE rise edge)
                                                      0.000     0.000 r  <hidden>
    BSCAN_X0Y1           BSCANE2                      0.000     0.000 r  design_1_i/mdm_1/U0/Use_E2.BSCAN_I/Use_E2.BSCANE2_I/UPDATE
                         net (fo=1, routed)           0.598     0.598    design_1_i/mdm_1/U0/Use_E2.BSCAN_I/Dbg_Update_0
    BUFGCTRL_X0Y3        BUFG (Prop_bufg_I_O)         0.026     0.624 r  design_1_i/mdm_1/U0/Use_E2.BSCAN_I/Dbg_Update_0_BUFG_inst/O
                         net (fo=39, routed)          0.586     1.210    design_1_i/mdm_1/U0/MDM_Core_I1/JTAG_CONTROL_I/CLK
    SLICE_X4Y2           FDRE                                         r  design_1_i/mdm_1/U0/MDM_Core_I1/JTAG_CONTROL_I/Debug_SYS_Rst_i_reg/C
  -------------------------------------------------------------------    -------------------
    SLICE_X4Y2           FDRE (Prop_fdre_C_Q)         0.164     1.374 r  design_1_i/mdm_1/U0/MDM_Core_I1/JTAG_CONTROL_I/Debug_SYS_Rst_i_reg/Q
                         net (fo=2, routed)           0.164     1.537    design_1_i/mdm_1/U0/MDM_Core_I1/JTAG_CONTROL_I/Use_BSCAN.FDC_I/Debug_SYS_Rst
    SLICE_X4Y2           LUT6 (Prop_lut6_I5_O)        0.045     1.582 r  design_1_i/mdm_1/U0/MDM_Core_I1/JTAG_CONTROL_I/Use_BSCAN.FDC_I/Debug_SYS_Rst_i_i_1/O
                         net (fo=1, routed)           0.000     1.582    design_1_i/mdm_1/U0/MDM_Core_I1/JTAG_CONTROL_I/Use_BSCAN.FDC_I_n_35
    SLICE_X4Y2           FDRE                                         r  design_1_i/mdm_1/U0/MDM_Core_I1/JTAG_CONTROL_I/Debug_SYS_Rst_i_reg/D
  -------------------------------------------------------------------    -------------------

                         (clock design_1_i/mdm_1/U0/Use_E2.BSCAN_I/Use_E2.BSCANE2_I/UPDATE rise edge)
                                                      0.000     0.000 r  <hidden>
    BSCAN_X0Y1           BSCANE2                      0.000     0.000 r  design_1_i/mdm_1/U0/Use_E2.BSCAN_I/Use_E2.BSCANE2_I/UPDATE
                         net (fo=1, routed)           0.698     0.698    design_1_i/mdm_1/U0/Use_E2.BSCAN_I/Dbg_Update_0
    BUFGCTRL_X0Y3        BUFG (Prop_bufg_I_O)         0.029     0.727 r  design_1_i/mdm_1/U0/Use_E2.BSCAN_I/Dbg_Update_0_BUFG_inst/O
                         net (fo=39, routed)          0.854     1.581    design_1_i/mdm_1/U0/MDM_Core_I1/JTAG_CONTROL_I/CLK
    SLICE_X4Y2           FDRE                                         r  design_1_i/mdm_1/U0/MDM_Core_I1/JTAG_CONTROL_I/Debug_SYS_Rst_i_reg/C
                         clock pessimism             -0.371     1.210    <hidden>
    SLICE_X4Y2           FDRE (Hold_fdre_C_D)         0.121     1.331    design_1_i/mdm_1/U0/MDM_Core_I1/JTAG_CONTROL_I/Debug_SYS_Rst_i_reg
  -------------------------------------------------------------------
                         required time                         -1.331    <hidden>
                         arrival time                           1.582    <hidden>
  -------------------------------------------------------------------
                         slack                                  0.252    <hidden>





Pulse Width Checks
--------------------------------------------------------------------------------------
Clock Name:         design_1_i/mdm_1/U0/Use_E2.BSCAN_I/Use_E2.BSCANE2_I/UPDATE
Waveform(ns):       { 0.000 16.667 }
Period(ns):         33.333
Sources:            { design_1_i/mdm_1/U0/Use_E2.BSCAN_I/Use_E2.BSCANE2_I/UPDATE }

Check Type        Corner  Lib Pin  Reference Pin  Required(ns)  Actual(ns)  Slack(ns)  Location       Pin
Min Period        n/a     BUFG/I   n/a            2.155         33.333      31.178     BUFGCTRL_X0Y3  design_1_i/mdm_1/U0/Use_E2.BSCAN_I/Dbg_Update_0_BUFG_inst/I
Low Pulse Width   Slow    FDCE/C   n/a            0.500         16.667      16.167     SLICE_X3Y2     design_1_i/mdm_1/U0/MDM_Core_I1/Use_BSCAN.PORT_Selector_1_reg[0]/C
High Pulse Width  Slow    FDCE/C   n/a            0.500         16.666      16.166     SLICE_X3Y2     design_1_i/mdm_1/U0/MDM_Core_I1/Use_BSCAN.PORT_Selector_1_reg[0]/C



---------------------------------------------------------------------------------------------------
From Clock:  pix_clk
  To Clock:  pix_clk

Setup :            0  Failing Endpoints,  Worst Slack       10.501ns,  Total Violation        0.000ns
Hold  :            0  Failing Endpoints,  Worst Slack        0.114ns,  Total Violation        0.000ns
PW    :            0  Failing Endpoints,  Worst Slack       11.250ns,  Total Violation        0.000ns
---------------------------------------------------------------------------------------------------


Max Delay Paths
--------------------------------------------------------------------------------------
Slack (MET) :             10.501ns  (required time - arrival time)
  Source:                 pix_data[6]
                            (input port clocked by pix_clk  {rise@0.000ns fall@12.500ns period=25.000ns})
  Destination:            design_1_i/frame_rx_0/inst/in_data_reg[6]/D
                            (rising edge-triggered cell FDRE clocked by pix_clk  {rise@0.000ns fall@12.500ns period=25.000ns})
  Path Group:             pix_clk
  Path Type:              Setup (Max at Fast Process Corner)
  Requirement:            12.500ns  (pix_clk rise@25.000ns - pix_clk fall@12.500ns)
  Data Path Delay:        0.523ns  (logic 0.523ns (100.000%)  route 0.000ns (0.000%))
  Logic Levels:           1  (IBUF=1)
  Input Delay:            3.000ns
  Clock Path Skew:        1.561ns (DCD - SCD + CPR)
    Destination Clock Delay (DCD):    1.561ns = ( 26.561 - 25.000 ) 
    Source Clock Delay      (SCD):    0.000ns = ( 12.500 - 12.500 ) 
    Clock Pessimism Removal (CPR):    0.000ns
  Clock Uncertainty:      0.035ns  ((TSJ^2 + TIJ^2)^1/2 + DJ) / 2 + PE
    Total System Jitter     (TSJ):    0.071ns
    Total Input Jitter      (TIJ):    0.000ns
    Discrete Jitter          (DJ):    0.000ns
    Phase Error              (PE):    0.000ns

    Location             Delay type                Incr(ns)  Path(ns)    Netlist Resource(s)
  -------------------------------------------------------------------    -------------------
                         (clock pix_clk fall edge)   12.500    12.500 f  <hidden>
                         input delay                  3.000    15.500    <hidden>
    Y16                                               0.000    15.500 r  pix_data[6]
                         net (fo=0)                   0.000    15.500    pix_data[6]
    Y16                  IBUF (Prop_ibuf_I_O)         0.523    16.023 r  pix_data_IBUF[6]_inst/O
                         net (fo=1, routed)           0.000    16.023    design_1_i/frame_rx_0/inst/pix_data[6]
    ILOGIC_X0Y36         FDRE                                         r  design_1_i/frame_rx_0/inst/in_data_reg[6]/D
  -------------------------------------------------------------------    -------------------

                         (clock pix_clk rise edge)   25.000    25.000 r  <hidden>
    U14                                               0.000    25.000 r  pix_clk
                         net (fo=0)                   0.000    25.000    pix_clk
    U14                  IBUF (Prop_ibuf_I_O)         0.328    25.328 r  pix_clk_IBUF_inst/O
                         net (fo=1, routed)           0.627    25.955    pix_clk_IBUF
    BUFGCTRL_X0Y0        BUFG (Prop_bufg_I_O)         0.026    25.981 r  pix_clk_IBUF_BUFG_inst/O
                         net (fo=161, routed)         0.580    26.561    design_1_i/frame_rx_0/inst/pix_clk
    ILOGIC_X0Y36         FDRE                                         r  design_1_i/frame_rx_0/inst/in_data_reg[6]/C
                         clock pessimism              0.000    26.561    <hidden>
                         clock uncertainty           -0.035    26.525    <hidden>
    ILOGIC_X0Y36         FDRE (Setup_fdre_C_D)       -0.002    26.523    design_1_i/frame_rx_0/inst/in_data_reg[6]
  -------------------------------------------------------------------
                         required time                         26.523    <hidden>
                         arrival time                         -16.023    <hidden>
  -------------------------------------------------------------------
                         slack                                 10.501    <hidden>





Min Delay Paths
--------------------------------------------------------------------------------------
Slack (MET) :             0.114ns  (arrival time - required time)
  Source:                 design_1_i/frame_rx_0/inst/fifo_din_reg[29]/C
                            (rising edge-triggered cell FDCE clocked by pix_clk  {rise@0.000ns fall@12.500ns period=25.000ns})
  Destination:            design_1_i/frame_rx_0/inst/u_fifo/mem_reg_0_15_24_29/RAMC_D1/I
                            (rising edge-triggered cell RAMD32 clocked by pix_clk  {rise@0.000ns fall@12.500ns period=25.000ns})
  Path Group:             pix_clk
  Path Type:              Hold (Min at Fast Process Corner)
  Requirement:            0.000ns  (pix_clk rise@0.000ns - pix_clk rise@0.000ns)
  Data Path Delay:        0.187ns  (logic 0.128ns (68.397%)  route 0.059ns (31.603%))
  Logic Levels:           0  
  Clock Path Skew:        0.013ns (DCD - SCD - CPR)
    Destination Clock Delay (DCD):    2.083ns
    Source Clock Delay      (SCD):    1.567ns
    Clock Pessimism Removal (CPR):    0.503ns

    Location             Delay type                Incr(ns)  Path(ns)    Netlist Resource(s)
  -------------------------------------------------------------------    -------------------
                         (clock pix_clk rise edge)    0.000     0.000 r  <hidden>
    U14                                               0.000     0.000 r  pix_clk
                         net (fo=0)                   0.000     0.000    pix_clk
    U14                  IBUF (Prop_ibuf_I_O)         0.328     0.328 r  pix_clk_IBUF_inst/O
                         net (fo=1, routed)           0.627     0.955    pix_clk_IBUF
    BUFGCTRL_X0Y0        BUFG (Prop_bufg_I_O)         0.026     0.981 r  pix_clk_IBUF_BUFG_inst/O
                         net (fo=161, routed)         0.586     1.567    design_1_i/frame_rx_0/inst/pix_clk
    SLICE_X39Y14         FDCE                                         r  design_1_i/frame_rx_0/inst/fifo_din_reg[29]/C
  -------------------------------------------------------------------    -------------------
    SLICE_X39Y14         FDCE (Prop_fdce_C_Q)         0.128     1.695 r  design_1_i/frame_rx_0/inst/fifo_din_reg[29]/Q
                         net (fo=1, routed)           0.059     1.754    design_1_i/frame_rx_0/inst/u_fifo/mem_reg_0_15_24_29/DIC1
    SLICE_X38Y14         RAMD32                                       r  design_1_i/frame_rx_0/inst/u_fifo/mem_reg_0_15_24_29/RAMC_D1/I
  -------------------------------------------------------------------    -------------------

                         (clock pix_clk rise edge)    0.000     0.000 r  <hidden>
    U14                                               0.000     0.000 r  pix_clk
                         net (fo=0)                   0.000     0.000    pix_clk
    U14                  IBUF (Prop_ibuf_I_O)         0.517     0.517 r  pix_clk_IBUF_inst/O
                         net (fo=1, routed)           0.683     1.200    pix_clk_IBUF
    BUFGCTRL_X0Y0        BUFG (Prop_bufg_I_O)         0.029     1.229 r  pix_clk_IBUF_BUFG_inst/O
                         net (fo=161, routed)         0.854     2.083    design_1_i/frame_rx_0/inst/u_fifo/mem_reg_0_15_24_29/WCLK
    SLICE_X38Y14         RAMD32                                       r  design_1_i/frame_rx_0/inst/u_fifo/mem_reg_0_15_24_29/RAMC_D1/CLK
                         clock pessimism             -0.503     1.580    <hidden>
    SLICE_X38Y14         RAMD32 (Hold_ramd32_CLK_I)
                                                      0.060     1.640    design_1_i/frame_rx_0/inst/u_fifo/mem_reg_0_15_24_29/RAMC_D1
  -------------------------------------------------------------------
                         required time                         -1.640    <hidden>
                         arrival time                           1.754    <hidden>
  -------------------------------------------------------------------
                         slack                                  0.114    <hidden>





Pulse Width Checks
--------------------------------------------------------------------------------------
Clock Name:         pix_clk
Waveform(ns):       { 0.000 12.500 }
Period(ns):         25.000
Sources:            { pix_clk }

Check Type        Corner  Lib Pin     Reference Pin  Required(ns)  Actual(ns)  Slack(ns)  Location       Pin
Min Period        n/a     BUFG/I      n/a            2.155         25.000      22.845     BUFGCTRL_X0Y0  pix_clk_IBUF_BUFG_inst/I
Low Pulse Width   Slow    RAMD32/CLK  n/a            1.250         12.500      11.250     SLICE_X34Y11   design_1_i/frame_rx_0/inst/u_fifo/mem_reg_0_15_0_5/RAMA/CLK
High Pulse Width  Slow    RAMD32/CLK  n/a            1.250         12.500      11.250     SLICE_X34Y11   design_1_i/frame_rx_0/inst/u_fifo/mem_reg_0_15_0_5/RAMA/CLK



---------------------------------------------------------------------------------------------------
Path Group:  **async_default**
From Clock:  clk_out1_design_1_clk_wiz_0_0
  To Clock:  clk_out1_design_1_clk_wiz_0_0

Setup :            0  Failing Endpoints,  Worst Slack        3.770ns,  Total Violation        0.000ns
Hold  :            0  Failing Endpoints,  Worst Slack        1.774ns,  Total Violation        0.000ns
---------------------------------------------------------------------------------------------------


Max Delay Paths
--------------------------------------------------------------------------------------
Slack (MET) :             3.770ns  (required time - arrival time)
  Source:                 design_1_i/rst_100M/U0/ACTIVE_LOW_PR_OUT_DFF[0].FDRE_PER_N/C
                            (rising edge-triggered cell FDRE clocked by clk_out1_design_1_clk_wiz_0_0  {rise@0.000ns fall@5.000ns period=10.000ns})
  Destination:            design_1_i/axi4_full_ram_0/inst/FSM_onehot_wstate_reg[1]_rep/CLR
                            (recovery check against rising-edge clock clk_out1_design_1_clk_wiz_0_0  {rise@0.000ns fall@5.000ns period=10.000ns})
  Path Group:             **async_default**
  Path Type:              Recovery (Max at Slow Process Corner)
  Requirement:            10.000ns  (clk_out1_design_1_clk_wiz_0_0 rise@10.000ns - clk_out1_design_1_clk_wiz_0_0 rise@0.000ns)
  Data Path Delay:        5.297ns  (logic 0.605ns (11.422%)  route 4.692ns (88.578%))
  Logic Levels:           1  (LUT1=1)
  Clock Path Skew:        -0.231ns (DCD - SCD + CPR)
    Destination Clock Delay (DCD):    -1.354ns = ( 8.646 - 10.000 ) 
    Source Clock Delay      (SCD):    -0.650ns
    Clock Pessimism Removal (CPR):    0.473ns
  Clock Uncertainty:      0.088ns  ((TSJ^2 + DJ^2)^1/2) / 2 + PE
    Total System Jitter     (TSJ):    0.071ns
    Discrete Jitter          (DJ):    0.162ns
    Phase Error              (PE):    0.000ns

    Location             Delay type                Incr(ns)  Path(ns)    Netlist Resource(s)
  -------------------------------------------------------------------    -------------------
                         (clock clk_out1_design_1_clk_wiz_0_0 rise edge)
                                                      0.000     0.000 r  <hidden>
    N18                                               0.000     0.000 r  clk_50m
                         net (fo=0)                   0.000     0.000    design_1_i/clk_wiz_0/inst/clk_in1
    N18                  IBUF (Prop_ibuf_I_O)         1.492     1.492 r  design_1_i/clk_wiz_0/inst/clkin1_ibufg/O
                         net (fo=1, routed)           1.285     2.777    design_1_i/clk_wiz_0/inst/clk_in1_design_1_clk_wiz_0_0
    MMCME2_ADV_X0Y0      MMCME2_ADV (Prop_mmcme2_adv_CLKIN1_CLKOUT0)
                                                     -7.010    -4.233 r  design_1_i/clk_wiz_0/inst/mmcm_adv_inst/CLKOUT0
                         net (fo=1, routed)           1.760    -2.473    design_1_i/clk_wiz_0/inst/clk_out1_design_1_clk_wiz_0_0
    BUFGCTRL_X0Y1        BUFG (Prop_bufg_I_O)         0.101    -2.372 r  design_1_i/clk_wiz_0/inst/clkout1_buf/O
                         net (fo=8468, routed)        1.722    -0.650    design_1_i/rst_100M/U0/slowest_sync_clk
    SLICE_X1Y7           FDRE                                         r  design_1_i/rst_100M/U0/ACTIVE_LOW_PR_OUT_DFF[0].FDRE_PER_N/C
  -------------------------------------------------------------------    -------------------
    SLICE_X1Y7           FDRE (Prop_fdre_C_Q)         0.456    -0.194 r  design_1_i/rst_100M/U0/ACTIVE_LOW_PR_OUT_DFF[0].FDRE_PER_N/Q
                         net (fo=15, routed)          3.770     3.576    design_1_i/axi4_full_ram_0/inst/s_axi_aresetn
    SLICE_X25Y52         LUT1 (Prop_lut1_I0_O)        0.149     3.725 f  design_1_i/axi4_full_ram_0/inst/FSM_onehot_wstate[0]_i_2/O
                         net (fo=14, routed)          0.922     4.647    design_1_i/axi4_full_ram_0/inst/FSM_onehot_wstate[0]_i_2_n_0
    SLICE_X33Y51         FDCE                                         f  design_1_i/axi4_full_ram_0/inst/FSM_onehot_wstate_reg[1]_rep/CLR
  -------------------------------------------------------------------    -------------------

                         (clock clk_out1_design_1_clk_wiz_0_0 rise edge)
                                                     10.000    10.000 r  <hidden>
    N18                                               0.000    10.000 r  clk_50m
                         net (fo=0)                   0.000    10.000    design_1_i/clk_wiz_0/inst/clk_in1
    N18                  IBUF (Prop_ibuf_I_O)         1.421    11.421 r  design_1_i/clk_wiz_0/inst/clkin1_ibufg/O
                         net (fo=1, routed)           1.162    12.583    design_1_i/clk_wiz_0/inst/clk_in1_design_1_clk_wiz_0_0
    MMCME2_ADV_X0Y0      MMCME2_ADV (Prop_mmcme2_adv_CLKIN1_CLKOUT0)
                                                     -7.118     5.465 r  design_1_i/clk_wiz_0/inst/mmcm_adv_inst/CLKOUT0
                         net (fo=1, routed)           1.599     7.064    design_1_i/clk_wiz_0/inst/clk_out1_design_1_clk_wiz_0_0
    BUFGCTRL_X0Y1        BUFG (Prop_bufg_I_O)         0.091     7.155 r  design_1_i/clk_wiz_0/inst/clkout1_buf/O
                         net (fo=8468, routed)        1.491     8.646    design_1_i/axi4_full_ram_0/inst/s_axi_aclk
    SLICE_X33Y51         FDCE                                         r  design_1_i/axi4_full_ram_0/inst/FSM_onehot_wstate_reg[1]_rep/C
                         clock pessimism              0.473     9.119    <hidden>
                         clock uncertainty           -0.088     9.030    <hidden>
    SLICE_X33Y51         FDCE (Recov_fdce_C_CLR)     -0.613     8.417    design_1_i/axi4_full_ram_0/inst/FSM_onehot_wstate_reg[1]_rep
  -------------------------------------------------------------------
                         required time                          8.417    <hidden>
                         arrival time                          -4.647    <hidden>
  -------------------------------------------------------------------
                         slack                                  3.770    <hidden>





Min Delay Paths
--------------------------------------------------------------------------------------
Slack (MET) :             1.774ns  (arrival time - required time)
  Source:                 design_1_i/rst_100M/U0/ACTIVE_LOW_PR_OUT_DFF[0].FDRE_PER_N/C
                            (rising edge-triggered cell FDRE clocked by clk_out1_design_1_clk_wiz_0_0  {rise@0.000ns fall@5.000ns period=10.000ns})
  Destination:            design_1_i/frame_rx_0/inst/u_fifo/wgray_r1_reg[0]/CLR
                            (removal check against rising-edge clock clk_out1_design_1_clk_wiz_0_0  {rise@0.000ns fall@5.000ns period=10.000ns})
  Path Group:             **async_default**
  Path Type:              Removal (Min at Fast Process Corner)
  Requirement:            0.000ns  (clk_out1_design_1_clk_wiz_0_0 rise@0.000ns - clk_out1_design_1_clk_wiz_0_0 rise@0.000ns)
  Data Path Delay:        1.952ns  (logic 0.186ns (9.530%)  route 1.766ns (90.470%))
  Logic Levels:           1  (LUT1=1)
  Clock Path Skew:        0.269ns (DCD - SCD - CPR)
    Destination Clock Delay (DCD):    -0.709ns
    Source Clock Delay      (SCD):    -0.482ns
    Clock Pessimism Removal (CPR):    -0.497ns

    Location             Delay type                Incr(ns)  Path(ns)    Netlist Resource(s)
  -------------------------------------------------------------------    -------------------
                         (clock clk_out1_design_1_clk_wiz_0_0 rise edge)
                                                      0.000     0.000 r  <hidden>
    N18                                               0.000     0.000 r  clk_50m
                         net (fo=0)                   0.000     0.000    design_1_i/clk_wiz_0/inst/clk_in1
    N18                  IBUF (Prop_ibuf_I_O)         0.260     0.260 r  design_1_i/clk_wiz_0/inst/clkin1_ibufg/O
                         net (fo=1, routed)           0.440     0.700    design_1_i/clk_wiz_0/inst/clk_in1_design_1_clk_wiz_0_0
    MMCME2_ADV_X0Y0      MMCME2_ADV (Prop_mmcme2_adv_CLKIN1_CLKOUT0)
                                                     -2.271    -1.571 r  design_1_i/clk_wiz_0/inst/mmcm_adv_inst/CLKOUT0
                         net (fo=1, routed)           0.482    -1.090    design_1_i/clk_wiz_0/inst/clk_out1_design_1_clk_wiz_0_0
    BUFGCTRL_X0Y1        BUFG (Prop_bufg_I_O)         0.026    -1.064 r  design_1_i/clk_wiz_0/inst/clkout1_buf/O
                         net (fo=8468, routed)        0.582    -0.482    design_1_i/rst_100M/U0/slowest_sync_clk
    SLICE_X1Y7           FDRE                                         r  design_1_i/rst_100M/U0/ACTIVE_LOW_PR_OUT_DFF[0].FDRE_PER_N/C
  -------------------------------------------------------------------    -------------------
    SLICE_X1Y7           FDRE (Prop_fdre_C_Q)         0.141    -0.341 r  design_1_i/rst_100M/U0/ACTIVE_LOW_PR_OUT_DFF[0].FDRE_PER_N/Q
                         net (fo=15, routed)          1.562     1.221    design_1_i/frame_rx_0/inst/u_fifo/aresetn
    SLICE_X41Y14         LUT1 (Prop_lut1_I0_O)        0.045     1.266 f  design_1_i/frame_rx_0/inst/u_fifo/wgray_r1[4]_i_1/O
                         net (fo=26, routed)          0.203     1.470    design_1_i/frame_rx_0/inst/u_fifo/aresetn_0
    SLICE_X41Y13         FDCE                                         f  design_1_i/frame_rx_0/inst/u_fifo/wgray_r1_reg[0]/CLR
  -------------------------------------------------------------------    -------------------

                         (clock clk_out1_design_1_clk_wiz_0_0 rise edge)
                                                      0.000     0.000 r  <hidden>
    N18                                               0.000     0.000 r  clk_50m
                         net (fo=0)                   0.000     0.000    design_1_i/clk_wiz_0/inst/clk_in1
    N18                  IBUF (Prop_ibuf_I_O)         0.448     0.448 r  design_1_i/clk_wiz_0/inst/clkin1_ibufg/O
                         net (fo=1, routed)           0.480     0.928    design_1_i/clk_wiz_0/inst/clk_in1_design_1_clk_wiz_0_0
    MMCME2_ADV_X0Y0      MMCME2_ADV (Prop_mmcme2_adv_CLKIN1_CLKOUT0)
                                                     -3.050    -2.122 r  design_1_i/clk_wiz_0/inst/mmcm_adv_inst/CLKOUT0
                         net (fo=1, routed)           0.528    -1.594    design_1_i/clk_wiz_0/inst/clk_out1_design_1_clk_wiz_0_0
    BUFGCTRL_X0Y1        BUFG (Prop_bufg_I_O)         0.029    -1.565 r  design_1_i/clk_wiz_0/inst/clkout1_buf/O
                         net (fo=8468, routed)        0.856    -0.709    design_1_i/frame_rx_0/inst/u_fifo/aclk
    SLICE_X41Y13         FDCE                                         r  design_1_i/frame_rx_0/inst/u_fifo/wgray_r1_reg[0]/C
                         clock pessimism              0.497    -0.213    <hidden>
    SLICE_X41Y13         FDCE (Remov_fdce_C_CLR)     -0.092    -0.305    design_1_i/frame_rx_0/inst/u_fifo/wgray_r1_reg[0]
  -------------------------------------------------------------------
                         required time                          0.305    <hidden>
                         arrival time                           1.470    <hidden>
  -------------------------------------------------------------------
                         slack                                  1.774    <hidden>





---------------------------------------------------------------------------------------------------
Path Group:  **async_default**
From Clock:  pix_clk
  To Clock:  pix_clk

Setup :            0  Failing Endpoints,  Worst Slack       20.573ns,  Total Violation        0.000ns
Hold  :            0  Failing Endpoints,  Worst Slack        0.757ns,  Total Violation        0.000ns
---------------------------------------------------------------------------------------------------


Max Delay Paths
--------------------------------------------------------------------------------------
Slack (MET) :             20.573ns  (required time - arrival time)
  Source:                 design_1_i/frame_rx_0/inst/prst_sync_reg[1]/C
                            (rising edge-triggered cell FDCE clocked by pix_clk  {rise@0.000ns fall@12.500ns period=25.000ns})
  Destination:            design_1_i/frame_rx_0/inst/fifo_din_reg[14]/CLR
                            (recovery check against rising-edge clock pix_clk  {rise@0.000ns fall@12.500ns period=25.000ns})
  Path Group:             **async_default**
  Path Type:              Recovery (Max at Slow Process Corner)
  Requirement:            25.000ns  (pix_clk rise@25.000ns - pix_clk rise@0.000ns)
  Data Path Delay:        3.959ns  (logic 0.718ns (18.134%)  route 3.241ns (81.866%))
  Logic Levels:           1  (LUT1=1)
  Clock Path Skew:        -0.027ns (DCD - SCD + CPR)
    Destination Clock Delay (DCD):    5.031ns = ( 30.031 - 25.000 ) 
    Source Clock Delay      (SCD):    5.487ns
    Clock Pessimism Removal (CPR):    0.429ns
  Clock Uncertainty:      0.035ns  ((TSJ^2 + TIJ^2)^1/2 + DJ) / 2 + PE
    Total System Jitter     (TSJ):    0.071ns
    Total Input Jitter      (TIJ):    0.000ns
    Discrete Jitter          (DJ):    0.000ns
    Phase Error              (PE):    0.000ns

    Location             Delay type                Incr(ns)  Path(ns)    Netlist Resource(s)
  -------------------------------------------------------------------    -------------------
                         (clock pix_clk rise edge)    0.000     0.000 r  <hidden>
    U14                                               0.000     0.000 r  pix_clk
                         net (fo=0)                   0.000     0.000    pix_clk
    U14                  IBUF (Prop_ibuf_I_O)         1.561     1.561 r  pix_clk_IBUF_inst/O
                         net (fo=1, routed)           2.076     3.637    pix_clk_IBUF
    BUFGCTRL_X0Y0        BUFG (Prop_bufg_I_O)         0.101     3.738 r  pix_clk_IBUF_BUFG_inst/O
                         net (fo=161, routed)         1.749     5.487    design_1_i/frame_rx_0/inst/pix_clk
    SLICE_X39Y11         FDCE                                         r  design_1_i/frame_rx_0/inst/prst_sync_reg[1]/C
  -------------------------------------------------------------------    -------------------
    SLICE_X39Y11         FDCE (Prop_fdce_C_Q)         0.419     5.906 r  design_1_i/frame_rx_0/inst/prst_sync_reg[1]/Q
                         net (fo=1, routed)           0.849     6.755    design_1_i/frame_rx_0/inst/u_fifo/wr_full_reg_0[0]
    SLICE_X39Y11         LUT1 (Prop_lut1_I0_O)        0.299     7.054 f  design_1_i/frame_rx_0/inst/u_fifo/FSM_onehot_state[2]_i_2/O
                         net (fo=101, routed)         2.393     9.446    design_1_i/frame_rx_0/inst/u_fifo_n_0
    SLICE_X36Y13         FDCE                                         f  design_1_i/frame_rx_0/inst/fifo_din_reg[14]/CLR
  -------------------------------------------------------------------    -------------------

                         (clock pix_clk rise edge)   25.000    25.000 r  <hidden>
    U14                                               0.000    25.000 r  pix_clk
                         net (fo=0)                   0.000    25.000    pix_clk
    U14                  IBUF (Prop_ibuf_I_O)         1.490    26.490 r  pix_clk_IBUF_inst/O
                         net (fo=1, routed)           1.880    28.370    pix_clk_IBUF
    BUFGCTRL_X0Y0        BUFG (Prop_bufg_I_O)         0.091    28.461 r  pix_clk_IBUF_BUFG_inst/O
                         net (fo=161, routed)         1.570    30.031    design_1_i/frame_rx_0/inst/pix_clk
    SLICE_X36Y13         FDCE                                         r  design_1_i/frame_rx_0/inst/fifo_din_reg[14]/C
                         clock pessimism              0.429    30.460    <hidden>
                         clock uncertainty           -0.035    30.425    <hidden>
    SLICE_X36Y13         FDCE (Recov_fdce_C_CLR)     -0.405    30.020    design_1_i/frame_rx_0/inst/fifo_din_reg[14]
  -------------------------------------------------------------------
                         required time                         30.020    <hidden>
                         arrival time                          -9.446    <hidden>
  -------------------------------------------------------------------
                         slack                                 20.573    <hidden>





Min Delay Paths
--------------------------------------------------------------------------------------
Slack (MET) :             0.757ns  (arrival time - required time)
  Source:                 design_1_i/frame_rx_0/inst/prst_sync_reg[1]/C
                            (rising edge-triggered cell FDCE clocked by pix_clk  {rise@0.000ns fall@12.500ns period=25.000ns})
  Destination:            design_1_i/frame_rx_0/inst/fifo_din_reg[19]/CLR
                            (removal check against rising-edge clock pix_clk  {rise@0.000ns fall@12.500ns period=25.000ns})
  Path Group:             **async_default**
  Path Type:              Removal (Min at Fast Process Corner)
  Requirement:            0.000ns  (pix_clk rise@0.000ns - pix_clk rise@0.000ns)
  Data Path Delay:        0.703ns  (logic 0.227ns (32.273%)  route 0.476ns (67.727%))
  Logic Levels:           1  (LUT1=1)
  Clock Path Skew:        0.013ns (DCD - SCD - CPR)
    Destination Clock Delay (DCD):    2.086ns
    Source Clock Delay      (SCD):    1.569ns
    Clock Pessimism Removal (CPR):    0.504ns

    Location             Delay type                Incr(ns)  Path(ns)    Netlist Resource(s)
  -------------------------------------------------------------------    -------------------
                         (clock pix_clk rise edge)    0.000     0.000 r  <hidden>
    U14                                               0.000     0.000 r  pix_clk
                         net (fo=0)                   0.000     0.000    pix_clk
    U14                  IBUF (Prop_ibuf_I_O)         0.328     0.328 r  pix_clk_IBUF_inst/O
                         net (fo=1, routed)           0.627     0.955    pix_clk_IBUF
    BUFGCTRL_X0Y0        BUFG (Prop_bufg_I_O)         0.026     0.981 r  pix_clk_IBUF_BUFG_inst/O
                         net (fo=161, routed)         0.588     1.569    design_1_i/frame_rx_0/inst/pix_clk
    SLICE_X39Y11         FDCE                                         r  design_1_i/frame_rx_0/inst/prst_sync_reg[1]/C
  -------------------------------------------------------------------    -------------------
    SLICE_X39Y11         FDCE (Prop_fdce_C_Q)         0.128     1.697 r  design_1_i/frame_rx_0/inst/prst_sync_reg[1]/Q
                         net (fo=1, routed)           0.283     1.979    design_1_i/frame_rx_0/inst/u_fifo/wr_full_reg_0[0]
    SLICE_X39Y11         LUT1 (Prop_lut1_I0_O)        0.099     2.078 f  design_1_i/frame_rx_0/inst/u_fifo/FSM_onehot_state[2]_i_2/O
                         net (fo=101, routed)         0.194     2.272    design_1_i/frame_rx_0/inst/u_fifo_n_0
    SLICE_X38Y11         FDCE                                         f  design_1_i/frame_rx_0/inst/fifo_din_reg[19]/CLR
  -------------------------------------------------------------------    -------------------

                         (clock pix_clk rise edge)    0.000     0.000 r  <hidden>
    U14                                               0.000     0.000 r  pix_clk
                         net (fo=0)                   0.000     0.000    pix_clk
    U14                  IBUF (Prop_ibuf_I_O)         0.517     0.517 r  pix_clk_IBUF_inst/O
                         net (fo=1, routed)           0.683     1.200    pix_clk_IBUF
    BUFGCTRL_X0Y0        BUFG (Prop_bufg_I_O)         0.029     1.229 r  pix_clk_IBUF_BUFG_inst/O
                         net (fo=161, routed)         0.857     2.086    design_1_i/frame_rx_0/inst/pix_clk
    SLICE_X38Y11         FDCE                                         r  design_1_i/frame_rx_0/inst/fifo_din_reg[19]/C
                         clock pessimism             -0.504     1.582    <hidden>
    SLICE_X38Y11         FDCE (Remov_fdce_C_CLR)     -0.067     1.515    design_1_i/frame_rx_0/inst/fifo_din_reg[19]
  -------------------------------------------------------------------
                         required time                         -1.515    <hidden>
                         arrival time                           2.272    <hidden>
  -------------------------------------------------------------------
                         slack                                  0.757    <hidden>





