

================================================================
== Synthesis Summary Report of 'moving_max'
================================================================
+ General Information: 
    * Date:           Wed Oct  7 22:44:26 2026
    * Version:        2026.1 (Build 6493734 on Jun 16 2026)
    * Project:        moving_max
    * Solution:       hls (Vivado IP Flow Target)
    * Product family: zynq
    * Target device:  xc7z010-clg400-1
    

* Performance & Resource Estimates: 
+----------------+------+---------------+----------+---------+------+----------+---------+-----------+------+------+----+-----------+----------+-----+
|     Modules    | Issue|               | Iteration|         | Trip |          |       Latency       |      |      |    |           |          |     |
|     & Loops    | Type | Violation Type|  Latency | Interval| Count| Pipelined| (cycles)|    (ns)   | Slack| BRAM | DSP|     FF    |    LUT   | URAM|
+----------------+------+---------------+----------+---------+------+----------+---------+-----------+------+------+----+-----------+----------+-----+
|+ moving_max    |     -|              -|         -|     2059|     -|        no|     2058|  2.058e+04|  1.73|     -|   -|  111 (~0%)|  322 (1%)|    -|
| o INIT_LOOP    |     -|              -|         1|        -|     8|        no|        8|     80.000|  7.30|     -|   -|          -|         -|    -|
| o MAIN_LOOP    |     -|              -|        32|        -|    64|        no|     2048|  2.048e+04|  7.30|     -|   -|          -|         -|    -|
|  o SHIFT_LOOP  |     -|              -|         2|        -|     7|        no|       14|    140.000|  7.30|     -|   -|          -|         -|    -|
|  o MAX_LOOP    |     -|              -|         2|        -|     7|        no|       14|    140.000|  7.30|     -|   -|          -|         -|    -|
+----------------+------+---------------+----------+---------+------+----------+---------+-----------+------+------+----+-----------+----------+-----+
    Name Prefix: '+' for module, 'o' for loop, '*' for dataflow


================================================================
== HW Interfaces
================================================================
* AP_MEMORY
+-------------------+-----------+----------+
| Port              | Direction | Bitwidth |
+-------------------+-----------+----------+
| in_data_address0  | out       | 6        |
| in_data_q0        | in        | 32       |
| out_data_address0 | out       | 6        |
| out_data_d0       | out       | 32       |
+-------------------+-----------+----------+

* TOP LEVEL CONTROL
+-----------+------------+-----------------------------------+
| Interface | Type       | Ports                             |
+-----------+------------+-----------------------------------+
| ap_clk    | clock      | ap_clk                            |
| ap_rst    | reset      | ap_rst                            |
| ap_ctrl   | ap_ctrl_hs | ap_done ap_idle ap_ready ap_start |
+-----------+------------+-----------------------------------+


================================================================
== SW I/O Information
================================================================
* Top Function Arguments
+----------+-----------+----------+
| Argument | Direction | Datatype |
+----------+-----------+----------+
| in_data  | in        | int*     |
| out_data | out       | int*     |
+----------+-----------+----------+

* SW-to-HW Mapping
+----------+-------------------+---------+----------+
| Argument | HW Interface      | HW Type | HW Usage |
+----------+-------------------+---------+----------+
| in_data  | in_data_address0  | port    | offset   |
| in_data  | in_data_ce0       | port    |          |
| in_data  | in_data_q0        | port    |          |
| out_data | out_data_address0 | port    | offset   |
| out_data | out_data_ce0      | port    |          |
| out_data | out_data_we0      | port    |          |
| out_data | out_data_d0       | port    |          |
+----------+-------------------+---------+----------+


================================================================
== Bind Op Report
================================================================
+-----------------------+-----+--------+-----------+--------+----------+---------+
| Name                  | DSP | Pragma | Variable  | Op     | Impl     | Latency |
+-----------------------+-----+--------+-----------+--------+----------+---------+
| + moving_max          | 0   |        |           |        |          |         |
|   icmp_ln14_fu_185_p2 |     |        | icmp_ln14 | seteq  | auto     | 0       |
|   add_ln14_fu_191_p2  |     |        | add_ln14  | add    | fabric   | 0       |
|   icmp_ln19_fu_215_p2 |     |        | icmp_ln19 | seteq  | auto     | 0       |
|   add_ln19_fu_221_p2  |     |        | add_ln19  | add    | fabric   | 0       |
|   icmp_ln24_fu_231_p2 |     |        | icmp_ln24 | seteq  | auto     | 0       |
|   add_ln25_fu_237_p2  |     |        | add_ln25  | add    | fabric   | 0       |
|   icmp_ln32_fu_253_p2 |     |        | icmp_ln32 | seteq  | auto     | 0       |
|   icmp_ln33_fu_274_p2 |     |        | icmp_ln33 | setgt  | auto     | 0       |
|   m_2_fu_280_p3       |     |        | m_2       | select | auto_sel | 0       |
|   add_ln32_fu_264_p2  |     |        | add_ln32  | add    | fabric   | 0       |
+-----------------------+-----+--------+-----------+--------+----------+---------+


================================================================
== Storage Report
================================================================
+--------------+--------------+------+------+------+--------+--------+----------+------+---------+------------------+
| Name         | Usage        | Type | BRAM | URAM | CE_REG | Pragma | Variable | Impl | Latency | Bitwidth, Depth, |
|              |              |      |      |      |        |        |          |      |         | Banks            |
+--------------+--------------+------+------+------+--------+--------+----------+------+---------+------------------+
| + moving_max |              |      | 0    | 0    |        |        |          |      |         |                  |
|   window_U   | ram_1p array |      |      |      | N      |        | window   | auto | 1       | 32, 8, 1         |
+--------------+--------------+------+------+------+--------+--------+----------+------+---------+------------------+


================================================================
== Pragma Report
================================================================
  No pragmas found

