

================================================================
== Vitis HLS Report for 'moving_max'
================================================================
* Date:           Wed Oct  7 22:44:26 2026

* Version:        2026.1 (Build 6493734 on Jun 16 2026)
* Project:        moving_max
* Solution:       hls (Vivado IP Flow Target)
* Product family: zynq
* Target device:  xc7z010-clg400-1


================================================================
== Performance Estimates
================================================================
+ Timing: 
    * Summary: 
    +--------+----------+----------+------------+
    |  Clock |  Target  | Estimated| Uncertainty|
    +--------+----------+----------+------------+
    |ap_clk  |  10.00 ns|  5.572 ns|     2.70 ns|
    +--------+----------+----------+------------+

+ Latency: 
    * Summary: 
    +---------+---------+-----------+-----------+------+------+---------+
    |  Latency (cycles) |   Latency (absolute)  |   Interval  | Pipeline|
    |   min   |   max   |    min    |    max    |  min |  max |   Type  |
    +---------+---------+-----------+-----------+------+------+---------+
    |     2058|     2058|  20.580 us|  20.580 us|  2059|  2059|       no|
    +---------+---------+-----------+-----------+------+------+---------+

    + Detail: 
        * Instance: 
        N/A

        * Loop: 
        +---------------+---------+---------+----------+-----------+-----------+------+----------+
        |               |  Latency (cycles) | Iteration|  Initiation Interval  | Trip |          |
        |   Loop Name   |   min   |   max   |  Latency |  achieved |   target  | Count| Pipelined|
        +---------------+---------+---------+----------+-----------+-----------+------+----------+
        |- INIT_LOOP    |        8|        8|         1|          -|          -|     8|        no|
        |- MAIN_LOOP    |     2048|     2048|        32|          -|          -|    64|        no|
        | + SHIFT_LOOP  |       14|       14|         2|          -|          -|     7|        no|
        | + MAX_LOOP    |       14|       14|         2|          -|          -|     7|        no|
        +---------------+---------+---------+----------+-----------+-----------+------+----------+



================================================================
== Utilization Estimates
================================================================
* Summary: 
+-----------------+---------+----+-------+-------+-----+
|       Name      | BRAM_18K| DSP|   FF  |  LUT  | URAM|
+-----------------+---------+----+-------+-------+-----+
|DSP              |        -|   -|      -|      -|    -|
|Expression       |        -|   -|      0|    174|    -|
|FIFO             |        -|   -|      -|      -|    -|
|Instance         |        -|   -|      -|      -|    -|
|Memory           |        0|   -|     32|      4|    0|
|Multiplexer      |        -|   -|      0|    144|    -|
|Register         |        -|   -|     79|      -|    -|
+-----------------+---------+----+-------+-------+-----+
|Total            |        0|   0|    111|    322|    0|
+-----------------+---------+----+-------+-------+-----+
|Available        |      120|  80|  35200|  17600|    0|
+-----------------+---------+----+-------+-------+-----+
|Utilization (%)  |        0|   0|     ~0|      1|    0|
+-----------------+---------+----+-------+-------+-----+

+ Detail: 
    * Instance: 
    N/A

    * DSP: 
    N/A

    * Memory: 
    +----------+----------------------+---------+----+----+-----+------+-----+------+-------------+
    |  Memory  |        Module        | BRAM_18K| FF | LUT| URAM| Words| Bits| Banks| W*Bits*Banks|
    +----------+----------------------+---------+----+----+-----+------+-----+------+-------------+
    |window_U  |window_RAM_AUTO_1R1W  |        0|  32|   4|    0|     8|   32|     1|          256|
    +----------+----------------------+---------+----+----+-----+------+-----+------+-------------+
    |Total     |                      |        0|  32|   4|    0|     8|   32|     1|          256|
    +----------+----------------------+---------+----+----+-----+------+-----+------+-------------+

    * FIFO: 
    N/A

    * Expression: 
    +---------------------+----------+----+---+----+------------+------------+
    |    Variable Name    | Operation| DSP| FF| LUT| Bitwidth P0| Bitwidth P1|
    +---------------------+----------+----+---+----+------------+------------+
    |add_ln14_fu_191_p2   |         +|   0|  0|  13|           4|           1|
    |add_ln19_fu_221_p2   |         +|   0|  0|  14|           7|           1|
    |add_ln25_fu_237_p2   |         +|   0|  0|  11|           3|           2|
    |add_ln32_fu_264_p2   |         +|   0|  0|  13|           4|           1|
    |icmp_ln14_fu_185_p2  |      icmp|   0|  0|  13|           4|           5|
    |icmp_ln19_fu_215_p2  |      icmp|   0|  0|  15|           7|           8|
    |icmp_ln24_fu_231_p2  |      icmp|   0|  0|  11|           3|           1|
    |icmp_ln32_fu_253_p2  |      icmp|   0|  0|  13|           4|           5|
    |icmp_ln33_fu_274_p2  |      icmp|   0|  0|  39|          32|          32|
    |m_2_fu_280_p3        |    select|   0|  0|  32|           1|          32|
    +---------------------+----------+----+---+----+------------+------------+
    |Total                |          |   0|  0| 174|          69|          88|
    +---------------------+----------+----+---+----+------------+------------+

    * Multiplexer: 
    +-----------------------+----+-----------+-----+-----------+
    |          Name         | LUT| Input Size| Bits| Total Bits|
    +-----------------------+----+-----------+-----+-----------+
    |ap_NS_fsm              |  48|          9|    1|          9|
    |k_1_reg_143            |   9|          2|    3|          6|
    |k_2_reg_155            |   9|          2|    4|          8|
    |k_fu_62                |   9|          2|    4|          8|
    |m_1_reg_166            |   9|          2|   32|         64|
    |n_fu_70                |   9|          2|    7|         14|
    |window_address0_local  |  31|          6|    3|         18|
    |window_d0_local        |  20|          4|   32|        128|
    +-----------------------+----+-----------+-----+-----------+
    |Total                  | 144|         29|   86|        255|
    +-----------------------+----+-----------+-----+-----------+

    * Register: 
    +-------------------+----+----+-----+-----------+
    |        Name       | FF | LUT| Bits| Const Bits|
    +-------------------+----+----+-----+-----------+
    |add_ln19_reg_313   |   7|   0|    7|          0|
    |add_ln25_reg_327   |   3|   0|    3|          0|
    |add_ln32_reg_355   |   4|   0|    4|          0|
    |ap_CS_fsm          |   8|   0|    8|          0|
    |k_1_reg_143        |   3|   0|    3|          0|
    |k_2_reg_155        |   4|   0|    4|          0|
    |k_fu_62            |   4|   0|    4|          0|
    |m_1_reg_166        |  32|   0|   32|          0|
    |n_fu_70            |   7|   0|    7|          0|
    |zext_ln19_reg_318  |   7|   0|   64|         57|
    +-------------------+----+----+-----+-----------+
    |Total              |  79|   0|  136|         57|
    +-------------------+----+----+-----+-----------+



================================================================
== Interface
================================================================
* Summary: 
+-------------------+-----+-----+------------+--------------+--------------+
|     RTL Ports     | Dir | Bits|  Protocol  | Source Object|    C Type    |
+-------------------+-----+-----+------------+--------------+--------------+
|ap_clk             |   in|    1|  ap_ctrl_hs|    moving_max|  return value|
|ap_rst             |   in|    1|  ap_ctrl_hs|    moving_max|  return value|
|ap_start           |   in|    1|  ap_ctrl_hs|    moving_max|  return value|
|ap_done            |  out|    1|  ap_ctrl_hs|    moving_max|  return value|
|ap_idle            |  out|    1|  ap_ctrl_hs|    moving_max|  return value|
|ap_ready           |  out|    1|  ap_ctrl_hs|    moving_max|  return value|
|in_data_address0   |  out|    6|   ap_memory|       in_data|         array|
|in_data_ce0        |  out|    1|   ap_memory|       in_data|         array|
|in_data_q0         |   in|   32|   ap_memory|       in_data|         array|
|out_data_address0  |  out|    6|   ap_memory|      out_data|         array|
|out_data_ce0       |  out|    1|   ap_memory|      out_data|         array|
|out_data_we0       |  out|    1|   ap_memory|      out_data|         array|
|out_data_d0        |  out|   32|   ap_memory|      out_data|         array|
+-------------------+-----+-----+------------+--------------+--------------+

